cyberangel@cyberangel:~/Desktop/模拟固件下的patch与hook/Netgear_R8300/_R8300-V1.0.2.130_1.0.99.chk.extracted/squashfs-root/firmadyne/libnvram$ ls -al
total 3148
drwxrwxrwt 2 root       root       24680 8月  13 18:24 .
drwxrwxr-x 3 cyberangel cyberangel  4096 8月  13 17:05 ..
-rw-r--r-- 1 root       root           9 8月  13 18:24 0
-rw-r--r-- 1 root       root           7 8月  13 18:24 0:deadman_to
-rw-r--r-- 1 root       root           7 8月  13 18:24 1:deadman_to
-rw-r--r-- 1 root       root           7 8月  13 18:24 2:deadman_to
-rw-r--r-- 1 root       root           1 8月  13 18:24 access_all_new_devices
-rw-r--r-- 1 root       root           1 8月  13 18:24 access_control_mode
-rw-r--r-- 1 root       root           0 8月  13 18:24 access_mac_record
-rw-r--r-- 1 root       root           1 8月  13 18:24 acosnat_ctf_disable
-rw-r--r-- 1 root       root           4 8月  13 18:24 acs_2g_ch_excl
-rw-r--r-- 1 root       root           1 8月  13 18:24 acs_2g_ch_no_restrict
-rw-r--r-- 1 root       root           4 8月  13 18:24 acs_ifnames
-rw-r--r-- 1 root       root           1 8月  13 18:24 active_readycloud
-rw-r--r-- 1 root       root           0 8月  13 18:24 activeuser_ip
-rw-r--r-- 1 root       root           1 8月  13 18:24 active_user_setup
-rw-r--r-- 1 root       root           1 8月  13 18:24 afpd_enable
-rw-r--r-- 1 root       root           0 8月  13 18:24 all_service_tbl
-rw-r--r-- 1 root       root           1 8月  13 18:24 ap_dyn_dns
-rw-r--r-- 1 root       root           1 8月  13 18:24 ap_dyn_ip
-rw-r--r-- 1 root       root           7 8月  13 18:24 apmode_dns1
-rw-r--r-- 1 root       root           7 8月  13 18:24 apmode_gateway
-rw-r--r-- 1 root       root           1 8月  13 18:24 ap_mode_lan_disable
-rw-r--r-- 1 root       root           7 8月  13 18:24 arp_enable
-rw-r--r-- 1 root       root           1 8月  13 18:24 as_genie
-rw-r--r-- 1 root       root           1 8月  13 18:24 autoBlock
-rw-r--r-- 1 root       root           7 8月  13 18:24 auto_conn_24hr
-rw-r--r-- 1 root       root           1 8月  13 18:24 auto_conn_time
-rw-r--r-- 1 root       root           1 8月  13 18:24 auto_enable
-rw-r--r-- 1 root       root           1 8月  13 18:24 auto_ip_backup
-rw-r--r-- 1 root       root           1 8月  13 18:24 basic_setting
-rw-r--r-- 1 root       root           1 8月  13 18:24 blank_download_desktop
-rw-r--r-- 1 root       root           1 8月  13 18:24 blank_download_readyshare
-rw-r--r-- 1 root       root           1 8月  13 18:24 blank_state
-rw-r--r-- 1 root       root           0 8月  13 18:24 blk_srv_tbl
-rw-r--r-- 1 root       root           0 8月  13 18:24 board_id
-rw-r--r-- 1 root       root           3 8月  13 18:24 boot_wait
-rw-r--r-- 1 root       root           1 8月  13 18:24 bpa_debug_level
-rw-r--r-- 1 root       root           1 8月  13 18:24 bpa_dod
-rw-r--r-- 1 root       root           1 8月  13 18:24 bpa_idletime
-rw-r--r-- 1 root       root           0 8月  13 18:24 bpa_passwd
-rw-r--r-- 1 root       root          12 8月  13 18:24 bpa_server
-rw-r--r-- 1 root       root           0 8月  13 18:24 bpa_server_temp
-rw-r--r-- 1 root       root           1 8月  13 18:24 bpa_status
-rw-r--r-- 1 root       root           0 8月  13 18:24 bpa_username
-rw-r--r-- 1 root       root           1 8月  13 18:24 bridge_interface
-rw-r--r-- 1 root       root           1 8月  13 18:24 broadstream_iqos_enable
-rw-r--r-- 1 root       root           0 8月  13 18:24 browser_language
-rw-r--r-- 1 root       root           1 8月  13 18:24 brs_lang_check_enable
-rw-r--r-- 1 root       root           1 8月  13 18:24 bsd_enable
-rw-r--r-- 1 root       root           1 8月  13 18:24 bs_enable
-rw-r--r-- 1 root       root           1 8月  13 18:24 bs_enable_temp
-rw-r--r-- 1 root       root           0 8月  13 18:24 bs_keyword
-rw-r--r-- 1 root       root           0 8月  13 18:24 bs_keywords
-rw-r--r-- 1 root       root           0 8月  13 18:24 bs_keywords_temp
-rw-r--r-- 1 root       root          11 8月  13 18:24 bs_trustedip
-rw-r--r-- 1 root       root           1 8月  13 18:24 bs_trustedip_enable
-rw-r--r-- 1 root       root          11 8月  13 18:24 bs_trustedip_temp
-rw-r--r-- 1 root       root           1 8月  13 18:24 bt_location_type
-rw-r--r-- 1 root       root           1 8月  13 18:24 cgi_debug_msg
-rw-r--r-- 1 root       root           7 8月  13 18:24 channel_mode
-rw-r--r-- 1 root       root           1 8月  13 18:24 chg_from_bridge
-rw-r--r-- 1 root       root           1 8月  13 18:24 console_loglevel
-rw-r--r-- 1 root       root           1 8月  13 18:24 content_scan
-rw-r--r-- 1 root       root           1 8月  13 18:24 ctf_disable
-rw-r--r-- 1 root       root           1 8月  13 18:24 ddns_cgi_alarm
-rw-r--r-- 1 root       root           1 8月  13 18:24 ddns_checked
-rw-r--r-- 1 root       root           1 8月  13 18:24 ddns_enable
-rw-r--r-- 1 root       root           0 8月  13 18:24 ddns_hostname
-rw-r--r-- 1 root       root           7 8月  13 18:24 ddns_last_ip
-rw-r--r-- 1 root       root           0 8月  13 18:24 ddns_netgear_clientkey
-rw-r--r-- 1 root       root           0 8月  13 18:24 ddns_netgear_clinetid
-rw-r--r-- 1 root       root           1 8月  13 18:24 ddns_netgear_confirmpasswd
-rw-r--r-- 1 root       root           0 8月  13 18:24 ddns_netgear_email
-rw-r--r-- 1 root       root           1 8月  13 18:24 ddns_netgear_haveaccount
-rw-r--r-- 1 root       root           0 8月  13 18:24 ddns_netgear_hostname
-rw-r--r-- 1 root       root           1 8月  13 18:24 ddns_netgear_hoststatus
-rw-r--r-- 1 root       root           0 8月  13 18:24 ddns_netgear_passwd
-rw-r--r-- 1 root       root           1 8月  13 18:24 ddns_netgear_success
-rw-r--r-- 1 root       root           0 8月  13 18:24 ddns_passwd
-rw-r--r-- 1 root       root           1 8月  13 18:24 ddns_server
-rw-r--r-- 1 root       root           1 8月  13 18:24 ddns_update_time
-rw-r--r-- 1 root       root           0 8月  13 18:24 ddns_username
-rw-r--r-- 1 root       root           1 8月  13 18:24 ddns_wildcard
-rw-r--r-- 1 root       root           1 8月  13 18:24 debug_capture_lan_wan_packets
-rw-r--r-- 1 root       root           1 8月  13 18:24 debug_httpd_auto_bring_up
-rw-r--r-- 1 root       root           1 8月  13 18:24 debug_httpd_log
-rw-r--r-- 1 root       root           0 8月  13 18:24 dhcp_domain
-rw-r--r-- 1 root       root          13 8月  13 18:24 dhcp_end
-rw-r--r-- 1 root       root           6 8月  13 18:24 dhcp_mode
-rw-r--r-- 1 root       root           0 8月  13 18:24 dhcp_resrv_ip
-rw-r--r-- 1 root       root           0 8月  13 18:24 dhcp_resrv_mac
-rw-r--r-- 1 root       root          11 8月  13 18:24 dhcp_start
-rw-r--r-- 1 root       root           0 8月  13 18:24 dhcp_wins
-rw-r--r-- 1 root       root           1 8月  13 18:24 dlna_auto_ip
-rw-r--r-- 1 root       root           1 8月  13 18:24 dlna_enable
-rw-r--r-- 1 root       root          11 8月  13 18:24 dmz_ipaddr
-rw-r--r-- 1 root       root           2 8月  13 18:24 dome_led_status
-rw-r--r-- 1 root       root           1 8月  13 18:24 down_file_exist
-rw-r--r-- 1 root       root           1 8月  13 18:24 download_auto_refresh
-rw-r--r-- 1 root       root           1 8月  13 18:24 downloader_choose_type
-rw-r--r-- 1 root       root           1 8月  13 18:24 downloader_enabled
-rw-r--r-- 1 root       root           1 8月  13 18:24 download_refresh_rate
-rw-r--r-- 1 root       root           3 8月  13 18:24 down_save_path
-rw-r--r-- 1 root       root           1 8月  13 18:24 dual_band
-rw-r--r-- 1 root       root           5 8月  13 18:24 dual_band_hw_ver
-rw-r--r-- 1 root       root           1 8月  13 18:24 emf_enable
-rw-r--r-- 1 root       root           0 8月  13 18:24 emf_entry
-rw-r--r-- 1 root       root           0 8月  13 18:24 emf_rtport_entry
-rw-r--r-- 1 root       root           0 8月  13 18:24 emf_uffp_entry
-rw-r--r-- 1 root       root           1 8月  13 18:24 enable_any_usb_dev
-rw-r--r-- 1 root       root           1 8月  13 18:24 enable_ap_mode
-rw-r--r-- 1 root       root           1 8月  13 18:24 enable_atf
-rw-r--r-- 1 root       root           1 8月  13 18:24 enable_band_steering
-rw-r--r-- 1 root       root           1 8月  13 18:24 enable_ccs
-rw-r--r-- 1 root       root           1 8月  13 18:24 enable_fbwifi
-rw-r--r-- 1 root       root           1 8月  13 18:24 enable_gui_str_tbl
-rw-r--r-- 1 root       root           1 8月  13 18:24 enable_implicit_beamforming
-rw-r--r-- 1 root       root           1 8月  13 18:24 enable_mu_mimo
-rw-r--r-- 1 root       root           1 8月  13 18:24 enable_other_mode
-rw-r--r-- 1 root       root           1 8月  13 18:24 enable_password_recovery
-rw-r--r-- 1 root       root           1 8月  13 18:24 enable_sta_mode
-rw-r--r-- 1 root       root           7 8月  13 18:24 enable_vlan
-rw-r--r-- 1 root       root           1 8月  13 18:24 ethConver
-rw-r--r-- 1 root       root           4 8月  13 18:24 et_txq_thresh
-rw-r--r-- 1 root       root           1 8月  13 18:24 ezc_enable
-rw-r--r-- 1 root       root           1 8月  13 18:24 ezc_version
-rw-r--r-- 1 root       root           1 8月  13 18:24 fast_restart
-rw-r--r-- 1 root       root           1 8月  13 18:24 fbwifi_config
-rw-r--r-- 1 root       root           1 8月  13 18:24 fbwifi_gwid
-rw-r--r-- 1 root       root           5 8月  13 18:24 friendly_name
-rw-r--r-- 1 root       root           1 8月  13 18:24 fw_bks_block_type
-rw-r--r-- 1 root       root           1 8月  13 18:24 fw_disable
-rw-r--r-- 1 root       root           1 8月  13 18:24 fw_dmz_enab
-rw-r--r-- 1 root       root           1 8月  13 18:24 fw_dmz_ip4
-rw-r--r-- 1 root       root           0 8月  13 18:24 fw_email_email_addr
-rw-r--r-- 1 root       root           1 8月  13 18:24 fw_email_email_alert
-rw-r--r-- 1 root       root           1 8月  13 18:24 fw_email_email_enable
-rw-r--r-- 1 root       root           0 8月  13 18:24 fw_email_email_smtp
-rw-r--r-- 1 root       root           2 8月  13 18:24 fw_email_pid
-rw-r--r-- 1 root       root           1 8月  13 18:24 fw_email_send_download_result
-rw-r--r-- 1 root       root           1 8月  13 18:24 fwpt_count
-rw-r--r-- 1 root       root           1 8月  13 18:24 fwpt_enable
-rw-r--r-- 1 root       root           4 8月  13 18:24 fwpt_timeout
-rw-r--r-- 1 root       root           1 8月  13 18:24 fw_rsp_ping
-rw-r--r-- 1 root       root           1 8月  13 18:24 fw_rsp_ping_old
-rw-r--r-- 1 root       root           1 8月  13 18:24 fw_sip_enab
-rw-r--r-- 1 root       root           1 8月  13 18:24 fw_spi_enab
-rw-r--r-- 1 root       root           9 8月  13 18:24 gbsd_ifnames
-rw-r--r-- 1 root       root           1 8月  13 18:24 gbsd_n_diff
-rw-r--r-- 1 root       root           2 8月  13 18:24 gbsd_rssi_timeout
-rw-r--r-- 1 root       root           3 8月  13 18:24 gbsd_threshold
-rw-r--r-- 1 root       root           1 8月  13 18:24 gbsd_wait_rssi_intf_idx
-rw-r--r-- 1 root       root          36 8月  13 18:24 genie_remote_certificate
-rw-r--r-- 1 root       root          56 8月  13 18:24 genie_remote_url
-rw-r--r-- 1 root       root           1 8月  13 18:24 gui_AttachedDevices_num
-rw-r--r-- 1 root       root           1 8月  13 18:24 gui_check_enable
-rw-r--r-- 1 root       root           4 8月  13 18:24 gui_GuestNetwork_enable
-rw-r--r-- 1 root       root           4 8月  13 18:24 gui_GuestNetwork_sec_profile
-rw-r--r-- 1 root       root           1 8月  13 18:24 gui_Internet_state
-rw-r--r-- 1 root       root           7 8月  13 18:24 gui_region
-rw-r--r-- 1 root       root           0 8月  13 18:24 gui_region2
-rw-r--r-- 1 root       root           4 8月  13 18:24 gui_Wireless_Radio_state
-rw-r--r-- 1 root       root           4 8月  13 18:24 gui_Wireless_Security_state
-rw-r--r-- 1 root       root           1 8月  13 18:24 hd_idle_debug
-rw-r--r-- 1 root       root           4 8月  13 18:24 hd_idle_period
-rw-r--r-- 1 root       root           2 8月  13 18:24 http_lanport
-rw-r--r-- 1 root       root           8 8月  13 18:24 http_passwd
-rw-r--r-- 1 root       root           1 8月  13 18:24 http_rmenable
-rw-r--r-- 1 root       root          15 8月  13 18:24 http_rmendip
-rw-r--r-- 1 root       root           4 8月  13 18:24 http_rmport
-rw-r--r-- 1 root       root           7 8月  13 18:24 http_rmstartip
-rw-r--r-- 1 root       root           5 8月  13 18:24 https_upgrade_proto
-rw-r--r-- 1 root       root           1 8月  13 18:24 http_timeout
-rw-r--r-- 1 root       root           5 8月  13 18:24 http_username
-rw-r--r-- 1 root       root           0 8月  13 18:24 http_wanport
-rw-r--r-- 1 root       root           0 8月  13 18:24 hwrev
-rw-r--r-- 1 root       root           5 8月  13 18:24 hwver
-rw-r--r-- 1 root       root           1 8月  13 18:24 igmp_proxying_enable
-rw-r--r-- 1 root       root           0 8月  13 18:24 inbound_policy_tbl
-rw-r--r-- 1 root       root           0 8月  13 18:24 inbound_record
-rw-r--r-- 1 root       root           1 8月  13 18:24 internal_antenna
-rw-r--r-- 1 root       root           1 8月  13 18:24 ipsec_passthrough
-rw-r--r-- 1 root       root           1 8月  13 18:24 iptv_enabled
-rw-r--r-- 1 root       root           4 8月  13 18:24 iptv_interfaces
-rw-r--r-- 1 root       root           1 8月  13 18:24 ipv6_6to4_relay
-rw-r--r-- 1 root       root          11 8月  13 18:24 ipv6_6to4_router
-rw-r--r-- 1 root       root           1 8月  13 18:24 ipv6_6to4_sla_id
-rw-r--r-- 1 root       root          16 8月  13 18:24 ipv6_auto_type
-rw-r--r-- 1 root       root           0 8月  13 18:24 ipv6_domain_name
-rw-r--r-- 1 root       root           0 8月  13 18:24 ipv6_domain_name_auto
-rw-r--r-- 1 root       root           1 8月  13 18:24 ipv6_enable
-rw-r--r-- 1 root       root           0 8月  13 18:24 ipv6_interface_id
-rw-r--r-- 1 root       root           1 8月  13 18:24 ipv6_interfaceid_enable
-rw-r--r-- 1 root       root           0 8月  13 18:24 ipv6_lan_ipaddr
-rw-r--r-- 1 root       root           2 8月  13 18:24 ipv6_lan_length
-rw-r--r-- 1 root       root           0 8月  13 18:24 ipv6_pppoe_passwd
-rw-r--r-- 1 root       root           0 8月  13 18:24 ipv6_pppoe_servicename
-rw-r--r-- 1 root       root           0 8月  13 18:24 ipv6_pppoe_username
-rw-r--r-- 1 root       root           0 8月  13 18:24 ipv6_pri_dns
-rw-r--r-- 1 root       root           7 8月  13 18:24 ipv6_proto
-rw-r--r-- 1 root       root           1 8月  13 18:24 ipv6rd_auto_mode
-rw-r--r-- 1 root       root           0 8月  13 18:24 ipv6rd_wan_dns1_pri
-rw-r--r-- 1 root       root           0 8月  13 18:24 ipv6rd_wan_dns1_sec
-rw-r--r-- 1 root       root           1 8月  13 18:24 ipv6rd_wan_dns_sel
-rw-r--r-- 1 root       root           4 8月  13 18:24 ipv6rd_wan_mtu
-rw-r--r-- 1 root       root           1 8月  13 18:24 ipv6ready
-rw-r--r-- 1 root       root           0 8月  13 18:24 ipv6_sec_dns
-rw-r--r-- 1 root       root           0 8月  13 18:24 ipv6_system_name
-rw-r--r-- 1 root       root           0 8月  13 18:24 ipv6_system_name_auto
-rw-r--r-- 1 root       root           0 8月  13 18:24 ipv6_wan_ipaddr
-rw-r--r-- 1 root       root           2 8月  13 18:24 ipv6_wan_length
-rw-r--r-- 1 root       root           1 8月  13 18:24 is_default
-rw-r--r-- 1 root       root           1 8月  13 18:24 iserver_enable
-rw-r--r-- 1 root       root           5 8月  13 18:24 l2tp_conn_id
-rw-r--r-- 1 root       root           1 8月  13 18:24 l2tp_dod
-rw-r--r-- 1 root       root           0 8月  13 18:24 l2tp_gateway_ip
-rw-r--r-- 1 root       root           1 8月  13 18:24 l2tp_idle_time
-rw-r--r-- 1 root       root           1 8月  13 18:24 l2tp_ip_sel
-rw-r--r-- 1 root       root           7 8月  13 18:24 l2tp_localip
-rw-r--r-- 1 root       root           1 8月  13 18:24 l2tp_passthrough
-rw-r--r-- 1 root       root           0 8月  13 18:24 l2tp_serv_ip
-rw-r--r-- 1 root       root           3 8月  13 18:24 l2tp_user_ip
-rw-r--r-- 1 root       root           0 8月  13 18:24 l2tp_user_name
-rw-r--r-- 1 root       root           3 8月  13 18:24 l2tp_user_netmask
-rw-r--r-- 1 root       root           0 8月  13 18:24 l2tp_user_passwd
-rw-r--r-- 1 root       root           1 8月  13 18:24 lacp
-rw-r--r-- 1 root       root           1 8月  13 18:24 lacpdebug
-rw-r--r-- 1 root       root           5 8月  13 18:24 lacpdev
-rw-r--r-- 1 root       root           1 8月  13 18:24 lacp_gui_debug
-rw-r--r-- 1 root       root           1 8月  13 18:24 lacpmode
-rw-r--r-- 1 root       root           1 8月  13 18:24 lacp_multigroup
-rw-r--r-- 1 root       root           3 8月  13 18:24 lacpports
-rw-r--r-- 1 root       root           1 8月  13 18:24 lan1_dhcp
-rw-r--r-- 1 root       root           0 8月  13 18:24 lan1_domain
-rw-r--r-- 1 root       root          11 8月  13 18:24 lan1_gateway
-rw-r--r-- 1 root       root           0 8月  13 18:24 lan1_hwaddr
-rw-r--r-- 1 root       root           0 8月  13 18:24 lan1_hwnames
-rw-r--r-- 1 root       root           0 8月  13 18:24 lan1_ifname
-rw-r--r-- 1 root       root           0 8月  13 18:24 lan1_ifnames
-rw-r--r-- 1 root       root          11 8月  13 18:24 lan1_ipaddr
-rw-r--r-- 1 root       root           5 8月  13 18:24 lan1_lease
-rw-r--r-- 1 root       root          13 8月  13 18:24 lan1_netmask
-rw-r--r-- 1 root       root           4 8月  13 18:24 lan1_proto
-rw-r--r-- 1 root       root           0 8月  13 18:24 lan1_route
-rw-r--r-- 1 root       root           1 8月  13 18:24 lan1_stp
-rw-r--r-- 1 root       root           0 8月  13 18:24 lan1_wins
-rw-r--r-- 1 root       root          13 8月  13 18:24 lan_bipaddr
-rw-r--r-- 1 root       root           1 8月  13 18:24 lan_dhcpsv6_enable
-rw-r--r-- 1 root       root           5 8月  13 18:24 lan_dhcpsv6_lifetime
-rw-r--r-- 1 root       root           3 8月  13 18:24 lan_dhcpsv6_pref
-rw-r--r-- 1 root       root           0 8月  13 18:24 lan_domain
-rw-r--r-- 1 root       root          12 8月  13 18:24 lang_check_config_file_dir
-rw-r--r-- 1 root       root          15 8月  13 18:24 lang_check_config_file_name
-rw-r--r-- 1 root       root          20 8月  13 18:24 lang_check_ftp_svr
-rw-r--r-- 1 root       root          28 8月  13 18:24 lang_check_https_svr
-rw-r--r-- 1 root       root           1 8月  13 18:24 LangTagChinese
-rw-r--r-- 1 root       root           0 8月  13 18:24 lan_hwaddr
-rw-r--r-- 1 root       root           0 8月  13 18:24 lan_hwnames
-rw-r--r-- 1 root       root           3 8月  13 18:24 lan_if
-rw-r--r-- 1 root       root           3 8月  13 18:24 lan_ifname
-rw-r--r-- 1 root       root          15 8月  13 18:24 lan_ifnames
-rw-r--r-- 1 root       root           5 8月  13 18:24 lan_interface
-rw-r--r-- 1 root       root          11 8月  13 18:24 lan_ipaddr
-rw-r--r-- 1 root       root           1 8月  13 18:24 lanip_changed
-rw-r--r-- 1 root       root           1 8月  13 18:24 lanip_setup_changed
-rw-r--r-- 1 root       root           5 8月  13 18:24 lan_lease
-rw-r--r-- 1 root       root          13 8月  13 18:24 lan_netmask
-rw-r--r-- 1 root       root           4 8月  13 18:24 lan_proto
-rw-r--r-- 1 root       root           0 8月  13 18:24 lan_route
-rw-r--r-- 1 root       root           1 8月  13 18:24 lan_stp
-rw-r--r-- 1 root       root           0 8月  13 18:24 lan_wins
-rw-r--r-- 1 root       root           7 8月  13 18:24 lan_wps_oob
-rw-r--r-- 1 root       root           7 8月  13 18:24 last_auto_ip
-rw-r--r-- 1 root       root           1 8月  13 18:24 leafp2p_run
-rw-r--r-- 1 root       root           0 8月  13 18:24 leafp2p_username
-rw-r--r-- 1 root       root           8 8月  13 18:24 led_settings
-rw-r--r-- 1 root       root          10 8月  13 18:24 loaddefault_VerStamp
-rw-r--r-- 1 root       root           5 8月  13 18:24 log_filter
-rw-r--r-- 1 root       root           0 8月  13 18:24 log_ipaddr
-rw-r--r-- 1 root       root           1 8月  13 18:24 log_level
-rw-r--r-- 1 root       root           1 8月  13 18:24 logo_enable
-rw-r--r-- 1 root       root           1 8月  13 18:24 max_concurrent_tasks
-rw-r--r-- 1 root       root           1 8月  13 18:24 max_download_speed
-rw-r--r-- 1 root       root           2 8月  13 18:24 max_upload_speed
-rw-r--r-- 1 root       root          16 8月  13 18:24 media_name
-rw-r--r-- 1 root       root          32 8月  13 18:24 mevent_ifnames
-rw-r--r-- 1 root       root           1 8月  13 18:24 nat_inbound_filtering
-rw-r--r-- 1 root       root           1 8月  13 18:24 need_to_load_wireless
-rw-r--r-- 1 root       root           1 8月  13 18:24 new_firmware_available
-rw-r--r-- 1 root       root           1 8月  13 18:24 ntp_manual_server
-rw-r--r-- 1 root       root          35 8月  13 18:24 ntp_server
-rw-r--r-- 1 root       root           0 8月  13 18:24 ntp_sync_time
-rw-r--r-- 1 root       root           5 8月  13 18:24 ntp_update_interval
-rw-r--r-- 1 root       root           0 8月  13 18:24 ntp_user_server
-rw-r--r-- 1 root       root           7 8月  13 18:24 openvpnActive
-rw-r--r-- 1 root       root           3 8月  13 18:24 openvpn_iface_type
-rw-r--r-- 1 root       root           3 8月  13 18:24 openvpn_protocol
-rw-r--r-- 1 root       root           3 8月  13 18:24 openvpn_protocol_tun
-rw-r--r-- 1 root       root           4 8月  13 18:24 openvpn_redirectGW
-rw-r--r-- 1 root       root           1 8月  13 18:24 openvpn_route_delay
-rw-r--r-- 1 root       root           5 8月  13 18:24 openvpn_service_port
-rw-r--r-- 1 root       root           5 8月  13 18:24 openvpn_service_port_tun
-rw-r--r-- 1 root       root          13 8月  13 18:24 openvpn_tun_ipaddr
-rw-r--r-- 1 root       root          13 8月  13 18:24 openvpn_tun_netmask
-rw-r--r-- 1 root       root           7 8月  13 18:24 oray_ddns_constatus
-rw-r--r-- 1 root       root           0 8月  13 18:24 oray_ddns_service_info
-rw-r--r-- 1 root       root           3 8月  13 18:24 oray_ddns_service_type
-rw-r--r-- 1 root       root          11 8月  13 18:24 os_date
-rw-r--r-- 1 root       root           0 8月  13 18:24 os_name
-rw-r--r-- 1 root       root           0 8月  13 18:24 os_server
-rw-r--r-- 1 root       root           0 8月  13 18:24 os_version
-rw-r--r-- 1 root       root           1 8月  13 18:24 ParentalControl
-rw-r--r-- 1 root       root           0 8月  13 18:24 ParentalCtrl_MAC_ID_tbl
-rw-r--r-- 1 root       root           7 8月  13 18:24 parser_passwd
-rw-r--r-- 1 root       root           7 8月  13 18:24 parser_username
-rw-r--r-- 1 root       root           0 8月  13 18:24 password_answer1
-rw-r--r-- 1 root       root           0 8月  13 18:24 password_answer2
-rw-r--r-- 1 root       root           1 8月  13 18:24 password_question1
-rw-r--r-- 1 root       root           1 8月  13 18:24 password_question2
-rw-r--r-- 1 root       root           1 8月  13 18:24 pause_wan_lan_conflict
-rw-r--r-- 1 root       root           1 8月  13 18:24 performance_boost
-rw-r--r-- 1 root       root           0 8月  13 18:24 pf_services_tbl
-rw-r--r-- 1 root       root           1 8月  13 18:24 pktc_disable
-rw-r--r-- 1 root       root           0 8月  13 18:24 port_tr_conf
-rw-r--r-- 1 root       root           7 8月  13 18:24 portTrunkingMode
-rw-r--r-- 1 root       root           2 8月  13 18:24 potInterval
-rw-r--r-- 1 root       root           4 8月  13 18:24 potMaxValue
-rw-r--r-- 1 root       root           1 8月  13 18:24 potValue
-rw-r--r-- 1 root       root           0 8月  13 18:24 pppoe2_acname
-rw-r--r-- 1 root       root           0 8月  13 18:24 pppoe2_all_service_tbl
-rw-r--r-- 1 root       root           1 8月  13 18:24 pppoe2_authtype
-rw-r--r-- 1 root       root           0 8月  13 18:24 pppoe2_blk_srv_tbl
-rw-r--r-- 1 root       root           1 8月  13 18:24 pppoe2_bs_enable
-rw-r--r-- 1 root       root           1 8月  13 18:24 pppoe2_bs_enable_temp
-rw-r--r-- 1 root       root           0 8月  13 18:24 pppoe2_bs_keyword
-rw-r--r-- 1 root       root           0 8月  13 18:24 pppoe2_bs_keywords
-rw-r--r-- 1 root       root           0 8月  13 18:24 pppoe2_bs_keywords_temp
-rw-r--r-- 1 root       root           1 8月  13 18:24 pppoe2_demand
-rw-r--r-- 1 root       root           0 8月  13 18:24 pppoe2_dns_server
-rw-r--r-- 1 root       root           1 8月  13 18:24 pppoe2_dod
-rw-r--r-- 1 root       root           5 8月  13 18:24 pppoe2_east_passwd
-rw-r--r-- 1 root       root          11 8月  13 18:24 pppoe2_east_username
-rw-r--r-- 1 root       root           0 8月  13 18:24 pppoe2_filter_rule_tbl
-rw-r--r-- 1 root       root           1 8月  13 18:24 pppoe2_flag_Emin
-rw-r--r-- 1 root       root           1 8月  13 18:24 pppoe2_flag_Smin
-rw-r--r-- 1 root       root           1 8月  13 18:24 pppoe2_fw_bks_block_type
-rw-r--r-- 1 root       root           3 8月  13 18:24 pppoe2_idletime
-rw-r--r-- 1 root       root           4 8月  13 18:24 pppoe2_ifname
-rw-r--r-- 1 root       root           1 8月  13 18:24 pppoe2_keepalive
-rw-r--r-- 1 root       root           7 8月  13 18:24 pppoe2_localip
-rw-r--r-- 1 root       root           4 8月  13 18:24 pppoe2_mru
-rw-r--r-- 1 root       root           4 8月  13 18:24 pppoe2_mtu
-rw-r--r-- 1 root       root           0 8月  13 18:24 pppoe2_passwd
-rw-r--r-- 1 root       root          13 8月  13 18:24 pppoe2_schedule_config
-rw-r--r-- 1 root       root           1 8月  13 18:24 pppoe2_schedule_enable
-rw-r--r-- 1 root       root           0 8月  13 18:24 pppoe2_server_mac
-rw-r--r-- 1 root       root           0 8月  13 18:24 pppoe2_servicename
-rw-r--r-- 1 root       root           1 8月  13 18:24 pppoe2_session_id
-rw-r--r-- 1 root       root           1 8月  13 18:24 pppoe2_temp_type
-rw-r--r-- 1 root       root           0 8月  13 18:24 pppoe2_tmp1
-rw-r--r-- 1 root       root           0 8月  13 18:24 pppoe2_tmp2
-rw-r--r-- 1 root       root           0 8月  13 18:24 pppoe2_tmp3
-rw-r--r-- 1 root       root           5 8月  13 18:24 pppoe2_username
-rw-r--r-- 1 root       root           5 8月  13 18:24 pppoe2_west_passwd
-rw-r--r-- 1 root       root          11 8月  13 18:24 pppoe2_west_username
-rw-r--r-- 1 root       root           0 8月  13 18:24 pppoe_acname
-rw-r--r-- 1 root       root           1 8月  13 18:24 pppoe_dod
-rw-r--r-- 1 root       root           2 8月  13 18:24 pppoe_echo_interval
-rw-r--r-- 1 root       root           5 8月  13 18:24 pppoe_flet_keyword
-rw-r--r-- 1 root       root          11 8月  13 18:24 pppoe_flet_sel
-rw-r--r-- 1 root       root           1 8月  13 18:24 pppoe_flet_type
-rw-r--r-- 1 root       root           3 8月  13 18:24 pppoe_idletime
-rw-r--r-- 1 root       root           4 8月  13 18:24 pppoe_ifname
-rw-r--r-- 1 root       root           1 8月  13 18:24 pppoe_keepalive
-rw-r--r-- 1 root       root           3 8月  13 18:24 pppoe_localgateway
-rw-r--r-- 1 root       root           7 8月  13 18:24 pppoe_localip
-rw-r--r-- 1 root       root           3 8月  13 18:24 pppoe_localnetmask
-rw-r--r-- 1 root       root           1 8月  13 18:24 pppoe_max_echo_fail
-rw-r--r-- 1 root       root           4 8月  13 18:24 pppoe_mru
-rw-r--r-- 1 root       root           4 8月  13 18:24 pppoe_mtu
-rw-r--r-- 1 root       root           0 8月  13 18:24 pppoe_passwd
-rw-r--r-- 1 root       root           1 8月  13 18:24 pppoe_policy_num
-rw-r--r-- 1 root       root           0 8月  13 18:24 pppoe_server_mac
-rw-r--r-- 1 root       root           0 8月  13 18:24 pppoe_servicename
-rw-r--r-- 1 root       root           1 8月  13 18:24 pppoe_session_id
-rw-r--r-- 1 root       root           1 8月  13 18:24 pppoe_switch
-rw-r--r-- 1 root       root           3 8月  13 18:24 pppoe_tmp_idletime
-rw-r--r-- 1 root       root           7 8月  13 18:24 pppoe_tmp_localip
-rw-r--r-- 1 root       root           4 8月  13 18:24 pppoe_tmp_mtu
-rw-r--r-- 1 root       root           0 8月  13 18:24 pppoe_tmp_passwd
-rw-r--r-- 1 root       root           0 8月  13 18:24 pppoe_tmp_servicename
-rw-r--r-- 1 root       root           5 8月  13 18:24 pppoe_tmp_username
-rw-r--r-- 1 root       root           5 8月  13 18:24 pppoe_username
-rw-r--r-- 1 root       root           0 8月  13 18:24 pppoe_wan_dns1
-rw-r--r-- 1 root       root           1 8月  13 18:24 pppoe_wan_dns_sel
-rw-r--r-- 1 root       root           0 8月  13 18:24 pptp_conn_id
-rw-r--r-- 1 root       root           1 8月  13 18:24 pptp_dod
-rw-r--r-- 1 root       root           0 8月  13 18:24 pptp_gateway
-rw-r--r-- 1 root       root           1 8月  13 18:24 pptp_idletime
-rw-r--r-- 1 root       root           1 8月  13 18:24 pptp_ip_sel
-rw-r--r-- 1 root       root           7 8月  13 18:24 pptp_localip
-rw-r--r-- 1 root       root           1 8月  13 18:24 pptp_passthrough
-rw-r--r-- 1 root       root           0 8月  13 18:24 pptp_passwd
-rw-r--r-- 1 root       root          10 8月  13 18:24 pptp_serv_ip
-rw-r--r-- 1 root       root           3 8月  13 18:24 pptp_user_ip
-rw-r--r-- 1 root       root           0 8月  13 18:24 pptp_username
-rw-r--r-- 1 root       root           3 8月  13 18:24 pptp_user_netmask
-rw-r--r-- 1 root       root           1 8月  13 18:24 qos_bw_downlink_manual
-rw-r--r-- 1 root       root           1 8月  13 18:24 qos_bw_downlink_ookla
-rw-r--r-- 1 root       root           1 8月  13 18:24 qos_bw_enable
-rw-r--r-- 1 root       root           6 8月  13 18:24 qos_bw_max_0
-rw-r--r-- 1 root       root           0 8月  13 18:24 qos_bw_max_1
-rw-r--r-- 1 root       root           0 8月  13 18:24 qos_bw_max_2
-rw-r--r-- 1 root       root           0 8月  13 18:24 qos_bw_max_3
-rw-r--r-- 1 root       root           0 8月  13 18:24 qos_bw_min_0
-rw-r--r-- 1 root       root           0 8月  13 18:24 qos_bw_min_1
-rw-r--r-- 1 root       root           0 8月  13 18:24 qos_bw_min_2
-rw-r--r-- 1 root       root           7 8月  13 18:24 qos_bw_min_3
-rw-r--r-- 1 root       root           1 8月  13 18:24 qos_bw_set_sel
-rw-r--r-- 1 root       root           1 8月  13 18:24 qos_bw_tmp_downlink
-rw-r--r-- 1 root       root           1 8月  13 18:24 qos_bw_tmp_uplink
-rw-r--r-- 1 root       root           1 8月  13 18:24 qos_bw_uplink_manual
-rw-r--r-- 1 root       root           1 8月  13 18:24 qos_bw_uplink_ookla
-rw-r--r-- 1 root       root           1 8月  13 18:24 qos_db_ver
-rw-r--r-- 1 root       root           1 8月  13 18:24 qos_enable
-rw-r--r-- 1 root       root          23 8月  13 18:24 qos_l7_apps
-rw-r--r-- 1 root       root           1 8月  13 18:24 qos_manual
-rw-r--r-- 1 root       root           0 8月  13 18:24 qos_port
-rw-r--r-- 1 root       root           2 8月  13 18:24 qos_rule_count
-rw-r--r-- 1 root       root           1 8月  13 18:24 qos_update_enable
-rw-r--r-- 1 root       root           5 8月  13 18:24 qos_update_interval
-rw-r--r-- 1 root       root           1 8月  13 18:24 qos_xbox_detected_down
-rw-r--r-- 1 root       root           1 8月  13 18:24 qos_xbox_detected_up
-rw-r--r-- 1 root       root           0 8月  13 18:24 qos_xbox_mac_attached
-rw-r--r-- 1 root       root           0 8月  13 18:24 qos_xbox_mac_down
-rw-r--r-- 1 root       root           0 8月  13 18:24 qos_xbox_mac_up
-rw-r--r-- 1 root       root           2 8月  13 18:24 RA_AdvAutonomous
-rw-r--r-- 1 root       root           2 8月  13 18:24 RA_AdvCurHopLimit
-rw-r--r-- 1 root       root           4 8月  13 18:24 RA_AdvDefaultLifetime
-rw-r--r-- 1 root       root           3 8月  13 18:24 RA_AdvDefaultPreference
-rw-r--r-- 1 root       root           4 8月  13 18:24 RA_AdvLinkMTU
-rw-r--r-- 1 root       root           3 8月  13 18:24 RA_AdvManagedFlag
-rw-r--r-- 1 root       root           2 8月  13 18:24 RA_AdvOnLink
-rw-r--r-- 1 root       root           2 8月  13 18:24 RA_AdvOtherConfigFlag
-rw-r--r-- 1 root       root           4 8月  13 18:24 RA_AdvPreferredLifetime
-rw-r--r-- 1 root       root           1 8月  13 18:24 RA_AdvReachableTime
-rw-r--r-- 1 root       root           1 8月  13 18:24 RA_AdvRetransTimer
-rw-r--r-- 1 root       root           4 8月  13 18:24 RA_AdvValidLifetime
-rw-r--r-- 1 root       root           0 8月  13 18:24 radvd_lan_new_ipaddr
-rw-r--r-- 1 root       root           0 8月  13 18:24 radvd_lan_new_ipaddr_length
-rw-r--r-- 1 root       root           0 8月  13 18:24 radvd_lan_obsolete_ipaddr
-rw-r--r-- 1 root       root           0 8月  13 18:24 radvd_lan_obsolete_ipaddr_length
-rw-r--r-- 1 root       root           3 8月  13 18:24 RA_MaxRtrAdvInterval
-rw-r--r-- 1 root       root           3 8月  13 18:24 RA_MinRtrAdvInterval
-rw-r--r-- 1 root       root           1 8月  13 18:24 readycloud_use_xcloud
-rw-r--r-- 1 root       root           0 8月  13 18:24 reg_cloud_tmp_pwd
-rw-r--r-- 1 root       root           0 8月  13 18:24 reg_cloud_tmp_user
-rw-r--r-- 1 root       root           1 8月  13 18:24 restore_defaults
-rw-r--r-- 1 root       root           1 8月  13 18:24 rip_dir
-rw-r--r-- 1 root       root           1 8月  13 18:24 rip_enable
-rw-r--r-- 1 root       root           1 8月  13 18:24 rip_filter_enable
-rw-r--r-- 1 root       root           1 8月  13 18:24 rip_multicast
-rw-r--r-- 1 root       root           1 8月  13 18:24 rip_version
-rw-r--r-- 1 root       root           1 8月  13 18:24 router_disable
-rw-r--r-- 1 root       root           1 8月  13 18:24 ru_igmp_enable
-rw-r--r-- 1 root       root           1 8月  13 18:24 run_mld
-rw-r--r-- 1 root       root           1 8月  13 18:24 runtest
-rw-r--r-- 1 root       root           1 8月  13 18:24 run_test
-rw-r--r-- 1 root       root           1 8月  13 18:24 run_wiz
-rw-r--r-- 1 root       root          13 8月  13 18:24 schedule_config
-rw-r--r-- 1 root       root           1 8月  13 18:24 schedule_daylightadjust
-rw-r--r-- 1 root       root           1 8月  13 18:24 sche_tmp_set
-rw-r--r-- 1 root       root           1 8月  13 18:24 sel_region
-rw-r--r-- 1 root       root           0 8月  13 18:24 share_api_data0
-rw-r--r-- 1 root       root           0 8月  13 18:24 share_api_data1
-rw-r--r-- 1 root       root           0 8月  13 18:24 share_api_data2
-rw-r--r-- 1 root       root           0 8月  13 18:24 share_api_data3
-rw-r--r-- 1 root       root           0 8月  13 18:24 share_api_data4
-rw-r--r-- 1 root       root           0 8月  13 18:24 share_api_data5
-rw-r--r-- 1 root       root           0 8月  13 18:24 share_api_data6
-rw-r--r-- 1 root       root           0 8月  13 18:24 share_api_data7
-rw-r--r-- 1 root       root           0 8月  13 18:24 share_api_data8
-rw-r--r-- 1 root       root           0 8月  13 18:24 share_api_data9
-rw-r--r-- 1 root       root           2 8月  13 18:24 share_api_num
-rw-r--r-- 1 root       root           0 8月  13 18:24 share_api_user0
-rw-r--r-- 1 root       root           0 8月  13 18:24 share_api_user1
-rw-r--r-- 1 root       root           0 8月  13 18:24 share_api_user2
-rw-r--r-- 1 root       root           0 8月  13 18:24 share_api_user3
-rw-r--r-- 1 root       root           0 8月  13 18:24 share_api_user4
-rw-r--r-- 1 root       root           0 8月  13 18:24 share_api_user5
-rw-r--r-- 1 root       root           0 8月  13 18:24 share_api_user6
-rw-r--r-- 1 root       root           0 8月  13 18:24 share_api_user7
-rw-r--r-- 1 root       root           0 8月  13 18:24 share_api_user8
-rw-r--r-- 1 root       root           0 8月  13 18:24 share_api_user9
-rw-r--r-- 1 root       root           1 8月  13 18:24 show_firmware_info
-rw-r--r-- 1 root       root           1 8月  13 18:24 show_web_title
-rw-r--r-- 1 root       root           1 8月  13 18:24 single_firmware_en
-rw-r--r-- 1 root       root           1 8月  13 18:24 single_pppoe_login
-rw-r--r-- 1 root       root           0 8月  13 18:24 sku_name
-rw-r--r-- 1 root       root           1 8月  13 18:24 smb_enable
-rw-r--r-- 1 root       root           9 8月  13 18:24 smb_group_name
-rw-r--r-- 1 root       root          10 8月  13 18:24 smb_host_name
-rw-r--r-- 1 root       root           1 8月  13 18:24 static_l2tp_enable
-rw-r--r-- 1 root       root           1 8月  13 18:24 static_pppoe_enable
-rw-r--r-- 1 root       root           1 8月  13 18:24 static_pptp_enable
-rw-r--r-- 1 root       root           0 8月  13 18:24 static_route
-rw-r--r-- 1 root       root           0 8月  13 18:24 stats_server
-rw-r--r-- 1 root       root           1 8月  13 18:24 str_tbl_default_check
-rw-r--r-- 1 root       root           1 8月  13 18:24 str_tbl_en
-rw-r--r-- 1 root       root          18 8月  13 18:24 str_tbl_en_ver
-rw-r--r-- 1 root       root           1 8月  13 18:24 str_tbl_non_en
-rw-r--r-- 1 root       root           0 8月  13 18:24 str_tbl_non_en_tag
-rw-r--r-- 1 root       root          18 8月  13 18:24 str_tbl_non_en_ver
-rw-r--r-- 1 root       root           1 8月  13 18:24 success_page_hijack
-rw-r--r-- 1 root       root           7 8月  13 18:24 super_passwd
-rw-r--r-- 1 root       root           7 8月  13 18:24 super_username
-rw-r--r-- 1 root       root           7 8月  13 18:24 supported_languages
-rw-r--r-- 1 root       root           5 8月  13 18:24 system_name
-rw-r--r-- 1 root       root          11 8月  13 18:24 tftp_serv_ipaddr
-rw-r--r-- 1 root       root           4 8月  13 18:24 timer_interval
-rw-r--r-- 1 root       root           0 8月  13 18:24 timestamp_of_last_recovery
-rw-r--r-- 1 root       root           1 8月  13 18:24 time_zone
-rw-r--r-- 1 root       root           1 8月  13 18:24 time_zone_x
-rw-r--r-- 1 root       root           1 8月  13 18:24 tivo_enable
-rw-r--r-- 1 root       root           7 8月  13 18:24 tmp_lan_ipaddr
-rw-r--r-- 1 root       root           7 8月  13 18:24 tmp_lan_netmask
-rw-r--r-- 1 root       root           4 8月  13 18:24 tmp_lan_proto
-rw-r--r-- 1 root       root           1 8月  13 18:24 tmp_register_name
-rw-r--r-- 1 root       root           4 8月  13 18:24 tmp_rip_enable
-rw-r--r-- 1 root       root           1 8月  13 18:24 tmp_wla_repeater
-rw-r--r-- 1 root       root           1 8月  13 18:24 tmp_wla_wds_enable
-rw-r--r-- 1 root       root           1 8月  13 18:24 tmp_wlg_wds_enable
-rw-r--r-- 1 root       root           6 8月  13 18:24 tmp_wlg_wlanstate
-rw-r--r-- 1 root       root           1 8月  13 18:24 tmp_wlh_repeater
-rw-r--r-- 1 root       root           1 8月  13 18:24 tmp_wlh_wds_enable
-rw-r--r-- 1 root       root           1 8月  13 18:24 traffic_block_enable
-rw-r--r-- 1 root       root           1 8月  13 18:24 traffic_cntime_monthly_limit
-rw-r--r-- 1 root       root           1 8月  13 18:24 traffic_control_type
-rw-r--r-- 1 root       root           1 8月  13 18:24 traffic_enable
-rw-r--r-- 1 root       root           1 8月  13 18:24 traffic_led_enable
-rw-r--r-- 1 root       root           1 8月  13 18:24 traffic_restart_ampm
-rw-r--r-- 1 root       root           1 8月  13 18:24 traffic_restart_day
-rw-r--r-- 1 root       root           2 8月  13 18:24 traffic_restart_hour
-rw-r--r-- 1 root       root           2 8月  13 18:24 traffic_restart_min
-rw-r--r-- 1 root       root           1 8月  13 18:24 traffic_round_up_volume
-rw-r--r-- 1 root       root           1 8月  13 18:24 traffic_volume_ctrl_dir
-rw-r--r-- 1 root       root           1 8月  13 18:24 traffic_volume_monthly_limit
-rw-r--r-- 1 root       root           1 8月  13 18:24 traffic_warning_state
-rw-r--r-- 1 root       root           1 8月  13 18:24 traffic_warning_time
-rw-r--r-- 1 root       root           1 8月  13 18:24 traffic_watermark
-rw-r--r-- 1 root       root           5 8月  13 18:24 tri_band_hw_ver
-rw-r--r-- 1 root       root           2 8月  13 18:24 upnp_advert_period
-rw-r--r-- 1 root       root           1 8月  13 18:24 upnp_advert_ttl
-rw-r--r-- 1 root       root           1 8月  13 18:24 upnpd_debug_level
-rw-r--r-- 1 root       root           1 8月  13 18:24 upnp_DHCPServerConfigurable
-rw-r--r-- 1 root       root           4 8月  13 18:24 upnp_duration
-rw-r--r-- 1 root       root           1 8月  13 18:24 upnp_enable
-rw-r--r-- 1 root       root           1 8月  13 18:24 upnp_portmap_entry
-rw-r--r-- 1 root       root          20 8月  13 18:24 upnp_sa_uuid
-rw-r--r-- 1 root       root           1 8月  13 18:24 upnp_turn_on
-rw-r--r-- 1 root       root           1 8月  13 18:24 ure_disable
-rw-r--r-- 1 root       root           2 8月  13 18:24 usb_disk_max_part
-rw-r--r-- 1 root       root           4 8月  13 18:24 usb_file_system
-rw-r--r-- 1 root       root           1 8月  13 18:24 usb_ftp_enable
-rw-r--r-- 1 root       root           1 8月  13 18:24 usb_http_enable
-rw-r--r-- 1 root       root           1 8月  13 18:24 usb_mount_signal
-rw-r--r-- 1 root       root           2 8月  13 18:24 usb_shareport
-rw-r--r-- 1 root       root           1 8月  13 18:24 usb_umount
-rw-r--r-- 1 root       root           1 8月  13 18:24 usb_wan_ftp_enable
-rw-r--r-- 1 root       root           5 8月  13 18:24 usb_wan_ftp_pasv_port_end
-rw-r--r-- 1 root       root           5 8月  13 18:24 usb_wan_ftp_pasv_port_start
-rw-r--r-- 1 root       root           2 8月  13 18:24 usb_wan_ftp_port
-rw-r--r-- 1 root       root           1 8月  13 18:24 usb_wan_ftp_protect_enable
-rw-r--r-- 1 root       root           1 8月  13 18:24 usb_wan_http_enable
-rw-r--r-- 1 root       root           3 8月  13 18:24 usb_wan_http_port
-rw-r--r-- 1 root       root           1 8月  13 18:24 usb_wan_http_protect_enable
-rw-r--r-- 1 root       root           1 8月  13 18:24 user_setup_num
-rw-r--r-- 1 root       root           0 8月  13 18:24 user_setup_pwd0
-rw-r--r-- 1 root       root           0 8月  13 18:24 user_setup_pwd1
-rw-r--r-- 1 root       root           0 8月  13 18:24 user_setup_pwd2
-rw-r--r-- 1 root       root           0 8月  13 18:24 user_setup_pwd3
-rw-r--r-- 1 root       root           0 8月  13 18:24 user_setup_pwd4
-rw-r--r-- 1 root       root           0 8月  13 18:24 user_setup_tmp_olduser
-rw-r--r-- 1 root       root           0 8月  13 18:24 user_setup_tmp_pwd
-rw-r--r-- 1 root       root           0 8月  13 18:24 user_setup_tmp_user
-rw-r--r-- 1 root       root           0 8月  13 18:24 user_setup_user0
-rw-r--r-- 1 root       root           0 8月  13 18:24 user_setup_user1
-rw-r--r-- 1 root       root           0 8月  13 18:24 user_setup_user2
-rw-r--r-- 1 root       root           0 8月  13 18:24 user_setup_user3
-rw-r--r-- 1 root       root           0 8月  13 18:24 user_setup_user4
-rw-r--r-- 1 root       root          12 8月  13 18:24 ver_check_config_file
-rw-r--r-- 1 root       root           1 8月  13 18:24 ver_check_enable
-rw-r--r-- 1 root       root           9 8月  13 18:24 ver_check_ftp_password
-rw-r--r-- 1 root       root          20 8月  13 18:24 ver_check_ftp_svr1
-rw-r--r-- 1 root       root          20 8月  13 18:24 ver_check_ftp_svr2
-rw-r--r-- 1 root       root          20 8月  13 18:24 ver_check_ftp_svr3
-rw-r--r-- 1 root       root           9 8月  13 18:24 ver_check_ftp_username
-rw-r--r-- 1 root       root          28 8月  13 18:24 ver_check_https_svr1
-rw-r--r-- 1 root       root          28 8月  13 18:24 ver_check_http_svr1
-rw-r--r-- 1 root       root          15 8月  13 18:24 ver_check_stringtable_dat
-rw-r--r-- 1 root       root           2 8月  13 18:24 ver_type
-rw-r--r-- 1 root       root           1 8月  13 18:24 vht_tkip_reject
-rw-r--r-- 1 root       root           2 8月  13 18:24 vlan_id
-rw-r--r-- 1 root       root           4 8月  13 18:24 vlan_iptv_interfaces
-rw-r--r-- 1 root       root           1 8月  13 18:24 vlan_lan_id
-rw-r--r-- 1 root       root           8 8月  13 18:24 vlan_name
-rw-r--r-- 1 root       root           5 8月  13 18:24 vlan_ports
-rw-r--r-- 1 root       root           1 8月  13 18:24 vlan_prio
-rw-r--r-- 1 root       root           2 8月  13 18:24 vlan_rule_enable
-rw-r--r-- 1 root       root           0 8月  13 18:24 wan2_dns
-rw-r--r-- 1 root       root           0 8月  13 18:24 wan2_dns1
-rw-r--r-- 1 root       root           1 8月  13 18:24 wan2_dns_sel
-rw-r--r-- 1 root       root           7 8月  13 18:24 wan2_gateway
-rw-r--r-- 1 root       root           7 8月  13 18:24 wan2_ipaddr
-rw-r--r-- 1 root       root           7 8月  13 18:24 wan2_ipaddr_old
-rw-r--r-- 1 root       root           7 8月  13 18:24 wan2_netmask
-rw-r--r-- 1 root       root           4 8月  13 18:24 wan_bpa_localport
-rw-r--r-- 1 root       root           2 8月  13 18:24 wan_bpa_maxheartbeat
-rw-r--r-- 1 root       root           1 8月  13 18:24 wan_bpa_minheartbeat
-rw-r--r-- 1 root       root           0 8月  13 18:24 wan_desc
-rw-r--r-- 1 root       root           0 8月  13 18:24 wan_dns
-rw-r--r-- 1 root       root           0 8月  13 18:24 wan_dns1
-rw-r--r-- 1 root       root           1 8月  13 18:24 wan_dns_sel
-rw-r--r-- 1 root       root           0 8月  13 18:24 wan_domain
-rw-r--r-- 1 root       root           7 8月  13 18:24 wan_gateway
-rw-r--r-- 1 root       root           0 8月  13 18:24 wan_hostname
-rw-r--r-- 1 root       root           0 8月  13 18:24 wan_hwaddr
-rw-r--r-- 1 root       root           0 8月  13 18:24 wan_hwaddr2
-rw-r--r-- 1 root       root          17 8月  13 18:24 wan_hwaddr_def
-rw-r--r-- 1 root       root           1 8月  13 18:24 wan_hwaddr_sel
-rw-r--r-- 1 root       root           0 8月  13 18:24 wan_hwname
-rw-r--r-- 1 root       root           4 8月  13 18:24 wanif
-rw-r--r-- 1 root       root           4 8月  13 18:24 wan_ifname
-rw-r--r-- 1 root       root           5 8月  13 18:24 wan_ifnames
-rw-r--r-- 1 root       root           7 8月  13 18:24 wan_ipaddr
-rw-r--r-- 1 root       root           5 8月  13 18:24 wan_lease
-rw-r--r-- 1 root       root           4 8月  13 18:24 wan_mtu
-rw-r--r-- 1 root       root           7 8月  13 18:24 wan_netmask
-rw-r--r-- 1 root       root           1 8月  13 18:24 wan_primary
-rw-r--r-- 1 root       root           4 8月  13 18:24 wan_proto
-rw-r--r-- 1 root       root           0 8月  13 18:24 wan_route
-rw-r--r-- 1 root       root           1 8月  13 18:24 wan_unit
-rw-r--r-- 1 root       root           0 8月  13 18:24 wan_wins
-rw-r--r-- 1 root       root           1 8月  13 18:24 wifi_on_off
-rw-r--r-- 1 root       root           1 8月  13 18:24 WifiSche_botton_state
-rw-r--r-- 1 root       root           1 8月  13 18:24 WifiSchedule_2GRadioDown
-rw-r--r-- 1 root       root           1 8月  13 18:24 WifiSchedule_5G_2_RadioDown
-rw-r--r-- 1 root       root           1 8月  13 18:24 WifiSchedule_5GRadioDown
-rw-r--r-- 1 root       root           6 8月  13 18:24 wifi_sche_off
-rw-r--r-- 1 root       root           1 8月  13 18:24 wifi_test
-rw-r--r-- 1 root       root           1 8月  13 18:24 wiz_dhcp_wait_time
-rw-r--r-- 1 root       root           1 8月  13 18:24 wiz_pppoe_wait_time
-rw-r--r-- 1 root       root           2 8月  13 18:24 wl0_assoc_retry_max
-rw-r--r-- 1 root       root           4 8月  13 18:24 wl0_ifname
-rw-r--r-- 1 root       root           1 8月  13 18:24 wl0_obss_coex
-rw-r--r-- 1 root       root           1 8月  13 18:24 wl0_stbc_rx
-rw-r--r-- 1 root       root           4 8月  13 18:24 wl0_stbc_tx
-rw-r--r-- 1 root       root           1 8月  13 18:24 wl0_txbf_bfe_cap
-rw-r--r-- 1 root       root           1 8月  13 18:24 wl0_txbf_bfr_cap
-rw-r--r-- 1 root       root           1 8月  13 18:24 wl0_vht_features
-rw-r--r-- 1 root       root           1 8月  13 18:24 wl0_wps_config_state
-rw-r--r-- 1 root       root           2 8月  13 18:24 wl1_assoc_retry_max
-rw-r--r-- 1 root       root           4 8月  13 18:24 wl1_ifname
-rw-r--r-- 1 root       root           1 8月  13 18:24 wl1_psr_mrpt
-rw-r--r-- 1 root       root          50 8月  13 18:24 wl1_radarthrs
-rw-r--r-- 1 root       root           1 8月  13 18:24 wl1_stbc_rx
-rw-r--r-- 1 root       root           4 8月  13 18:24 wl1_stbc_tx
-rw-r--r-- 1 root       root           1 8月  13 18:24 wl1_txbf_bfe_cap
-rw-r--r-- 1 root       root           1 8月  13 18:24 wl1_txbf_bfr_cap
-rw-r--r-- 1 root       root           1 8月  13 18:24 wl1_vht_features
-rw-r--r-- 1 root       root           1 8月  13 18:24 wl1_wps_config_state
-rw-r--r-- 1 root       root           2 8月  13 18:24 wl2_assoc_retry_max
-rw-r--r-- 1 root       root           4 8月  13 18:24 wl2_ifname
-rw-r--r-- 1 root       root          50 8月  13 18:24 wl2_radarthrs
-rw-r--r-- 1 root       root           1 8月  13 18:24 wl2_stbc_rx
-rw-r--r-- 1 root       root           4 8月  13 18:24 wl2_stbc_tx
-rw-r--r-- 1 root       root           1 8月  13 18:24 wl2_txbf_bfe_cap
-rw-r--r-- 1 root       root           1 8月  13 18:24 wl2_txbf_bfr_cap
-rw-r--r-- 1 root       root           1 8月  13 18:24 wl2_vht_features
-rw-r--r-- 1 root       root           1 8月  13 18:24 wl2_wps_config_state
-rw-r--r-- 1 root       root           1 8月  13 18:24 wl_5g_bandsteering
-rw-r--r-- 1 root       root           1 8月  13 18:24 wla_allow_access_2
-rw-r--r-- 1 root       root           1 8月  13 18:24 wla_allow_access_3
-rw-r--r-- 1 root       root           1 8月  13 18:24 wla_allow_access_4
-rw-r--r-- 1 root       root           1 8月  13 18:24 wla_allow_see_access_2
-rw-r--r-- 1 root       root           1 8月  13 18:24 wla_ap_isolate
-rw-r--r-- 1 root       root           9 8月  13 18:24 wla_auth_type
-rw-r--r-- 1 root       root           9 8月  13 18:24 wla_auth_type_2
-rw-r--r-- 1 root       root           9 8月  13 18:24 wla_auth_type_3
-rw-r--r-- 1 root       root           9 8月  13 18:24 wla_auth_type_4
-rw-r--r-- 1 root       root           0 8月  13 18:24 wla_auth_type_backup
-rw-r--r-- 1 root       root           6 8月  13 18:24 wla_autochannel
-rw-r--r-- 1 root       root           1 8月  13 18:24 wla_channel
-rw-r--r-- 1 root       root           0 8月  13 18:24 wla_channel_backup
-rw-r--r-- 1 root       root           1 8月  13 18:24 wla_defaKey
-rw-r--r-- 1 root       root           1 8月  13 18:24 wla_defaKey_2
-rw-r--r-- 1 root       root           1 8月  13 18:24 wla_defaKey_3
-rw-r--r-- 1 root       root           1 8月  13 18:24 wla_defaKey_4
-rw-r--r-- 1 root       root           0 8月  13 18:24 wla_defaKey_backup
-rw-r--r-- 1 root       root           8 8月  13 18:24 wla_en_secu_type
-rw-r--r-- 1 root       root           4 8月  13 18:24 wla_frag
-rw-r--r-- 1 root       root           3 8月  13 18:24 wl_afterburner
-rw-r--r-- 1 root       root           0 8月  13 18:24 wla_key1
-rw-r--r-- 1 root       root           0 8月  13 18:24 wla_key1_2
-rw-r--r-- 1 root       root           0 8月  13 18:24 wla_key1_3
-rw-r--r-- 1 root       root           0 8月  13 18:24 wla_key1_4
-rw-r--r-- 1 root       root           0 8月  13 18:24 wla_key1_backup
-rw-r--r-- 1 root       root           0 8月  13 18:24 wla_key2
-rw-r--r-- 1 root       root           0 8月  13 18:24 wla_key2_2
-rw-r--r-- 1 root       root           0 8月  13 18:24 wla_key2_3
-rw-r--r-- 1 root       root           0 8月  13 18:24 wla_key2_4
-rw-r--r-- 1 root       root           0 8月  13 18:24 wla_key2_backup
-rw-r--r-- 1 root       root           0 8月  13 18:24 wla_key3
-rw-r--r-- 1 root       root           0 8月  13 18:24 wla_key3_2
-rw-r--r-- 1 root       root           0 8月  13 18:24 wla_key3_3
-rw-r--r-- 1 root       root           0 8月  13 18:24 wla_key3_4
-rw-r--r-- 1 root       root           0 8月  13 18:24 wla_key3_backup
-rw-r--r-- 1 root       root           0 8月  13 18:24 wla_key4
-rw-r--r-- 1 root       root           0 8月  13 18:24 wla_key4_2
-rw-r--r-- 1 root       root           0 8月  13 18:24 wla_key4_3
-rw-r--r-- 1 root       root           0 8月  13 18:24 wla_key4_4
-rw-r--r-- 1 root       root           0 8月  13 18:24 wla_key4_backup
-rw-r--r-- 1 root       root           0 8月  13 18:24 wl_akm
-rw-r--r-- 1 root       root           7 8月  13 18:24 wla_mode
-rw-r--r-- 1 root       root           0 8月  13 18:24 wla_mode_backup
-rw-r--r-- 1 root       root           4 8月  13 18:24 wl_ampdu
-rw-r--r-- 1 root       root          15 8月  13 18:24 wl_ampdu_rr_rtylimit_tid
-rw-r--r-- 1 root       root          15 8月  13 18:24 wl_ampdu_rtylimit_tid
-rw-r--r-- 1 root       root           4 8月  13 18:24 wl_amsdu
-rw-r--r-- 1 root       root           0 8月  13 18:24 wlan_acl_dev0
-rw-r--r-- 1 root       root           0 8月  13 18:24 wlan_acl_dev1
-rw-r--r-- 1 root       root           0 8月  13 18:24 wlan_acl_dev10
-rw-r--r-- 1 root       root           0 8月  13 18:24 wlan_acl_dev11
-rw-r--r-- 1 root       root           0 8月  13 18:24 wlan_acl_dev12
-rw-r--r-- 1 root       root           0 8月  13 18:24 wlan_acl_dev13
-rw-r--r-- 1 root       root           0 8月  13 18:24 wlan_acl_dev14
-rw-r--r-- 1 root       root           0 8月  13 18:24 wlan_acl_dev15
-rw-r--r-- 1 root       root           0 8月  13 18:24 wlan_acl_dev16
-rw-r--r-- 1 root       root           0 8月  13 18:24 wlan_acl_dev17
-rw-r--r-- 1 root       root           0 8月  13 18:24 wlan_acl_dev18
-rw-r--r-- 1 root       root           0 8月  13 18:24 wlan_acl_dev19
-rw-r--r-- 1 root       root           0 8月  13 18:24 wlan_acl_dev2
-rw-r--r-- 1 root       root           0 8月  13 18:24 wlan_acl_dev20
-rw-r--r-- 1 root       root           0 8月  13 18:24 wlan_acl_dev21
-rw-r--r-- 1 root       root           0 8月  13 18:24 wlan_acl_dev22
-rw-r--r-- 1 root       root           0 8月  13 18:24 wlan_acl_dev23
-rw-r--r-- 1 root       root           0 8月  13 18:24 wlan_acl_dev24
-rw-r--r-- 1 root       root           0 8月  13 18:24 wlan_acl_dev25
-rw-r--r-- 1 root       root           0 8月  13 18:24 wlan_acl_dev26
-rw-r--r-- 1 root       root           0 8月  13 18:24 wlan_acl_dev27
-rw-r--r-- 1 root       root           0 8月  13 18:24 wlan_acl_dev28
-rw-r--r-- 1 root       root           0 8月  13 18:24 wlan_acl_dev29
-rw-r--r-- 1 root       root           0 8月  13 18:24 wlan_acl_dev3
-rw-r--r-- 1 root       root           0 8月  13 18:24 wlan_acl_dev30
-rw-r--r-- 1 root       root           0 8月  13 18:24 wlan_acl_dev31
-rw-r--r-- 1 root       root           0 8月  13 18:24 wlan_acl_dev32
-rw-r--r-- 1 root       root           0 8月  13 18:24 wlan_acl_dev33
-rw-r--r-- 1 root       root           0 8月  13 18:24 wlan_acl_dev34
-rw-r--r-- 1 root       root           0 8月  13 18:24 wlan_acl_dev35
-rw-r--r-- 1 root       root           0 8月  13 18:24 wlan_acl_dev36
-rw-r--r-- 1 root       root           0 8月  13 18:24 wlan_acl_dev37
-rw-r--r-- 1 root       root           0 8月  13 18:24 wlan_acl_dev38
-rw-r--r-- 1 root       root           0 8月  13 18:24 wlan_acl_dev39
-rw-r--r-- 1 root       root           0 8月  13 18:24 wlan_acl_dev4
-rw-r--r-- 1 root       root           0 8月  13 18:24 wlan_acl_dev40
-rw-r--r-- 1 root       root           0 8月  13 18:24 wlan_acl_dev41
-rw-r--r-- 1 root       root           0 8月  13 18:24 wlan_acl_dev42
-rw-r--r-- 1 root       root           0 8月  13 18:24 wlan_acl_dev43
-rw-r--r-- 1 root       root           0 8月  13 18:24 wlan_acl_dev44
-rw-r--r-- 1 root       root           0 8月  13 18:24 wlan_acl_dev45
-rw-r--r-- 1 root       root           0 8月  13 18:24 wlan_acl_dev46
-rw-r--r-- 1 root       root           0 8月  13 18:24 wlan_acl_dev47
-rw-r--r-- 1 root       root           0 8月  13 18:24 wlan_acl_dev48
-rw-r--r-- 1 root       root           0 8月  13 18:24 wlan_acl_dev49
-rw-r--r-- 1 root       root           0 8月  13 18:24 wlan_acl_dev5
-rw-r--r-- 1 root       root           0 8月  13 18:24 wlan_acl_dev50
-rw-r--r-- 1 root       root           0 8月  13 18:24 wlan_acl_dev51
-rw-r--r-- 1 root       root           0 8月  13 18:24 wlan_acl_dev52
-rw-r--r-- 1 root       root           0 8月  13 18:24 wlan_acl_dev53
-rw-r--r-- 1 root       root           0 8月  13 18:24 wlan_acl_dev54
-rw-r--r-- 1 root       root           0 8月  13 18:24 wlan_acl_dev55
-rw-r--r-- 1 root       root           0 8月  13 18:24 wlan_acl_dev56
-rw-r--r-- 1 root       root           0 8月  13 18:24 wlan_acl_dev57
-rw-r--r-- 1 root       root           0 8月  13 18:24 wlan_acl_dev58
-rw-r--r-- 1 root       root           0 8月  13 18:24 wlan_acl_dev59
-rw-r--r-- 1 root       root           0 8月  13 18:24 wlan_acl_dev6
-rw-r--r-- 1 root       root           0 8月  13 18:24 wlan_acl_dev60
-rw-r--r-- 1 root       root           0 8月  13 18:24 wlan_acl_dev61
-rw-r--r-- 1 root       root           0 8月  13 18:24 wlan_acl_dev62
-rw-r--r-- 1 root       root           0 8月  13 18:24 wlan_acl_dev63
-rw-r--r-- 1 root       root           0 8月  13 18:24 wlan_acl_dev7
-rw-r--r-- 1 root       root           0 8月  13 18:24 wlan_acl_dev8
-rw-r--r-- 1 root       root           0 8月  13 18:24 wlan_acl_dev9
-rw-r--r-- 1 root       root           1 8月  13 18:24 wlan_acl_enable
-rw-r--r-- 1 root       root           0 8月  13 18:24 wlan_acl_mac0
-rw-r--r-- 1 root       root           0 8月  13 18:24 wlan_acl_mac1
-rw-r--r-- 1 root       root           0 8月  13 18:24 wlan_acl_mac10
-rw-r--r-- 1 root       root           0 8月  13 18:24 wlan_acl_mac11
-rw-r--r-- 1 root       root           0 8月  13 18:24 wlan_acl_mac12
-rw-r--r-- 1 root       root           0 8月  13 18:24 wlan_acl_mac13
-rw-r--r-- 1 root       root           0 8月  13 18:24 wlan_acl_mac14
-rw-r--r-- 1 root       root           0 8月  13 18:24 wlan_acl_mac15
-rw-r--r-- 1 root       root           0 8月  13 18:24 wlan_acl_mac16
-rw-r--r-- 1 root       root           0 8月  13 18:24 wlan_acl_mac17
-rw-r--r-- 1 root       root           0 8月  13 18:24 wlan_acl_mac18
-rw-r--r-- 1 root       root           0 8月  13 18:24 wlan_acl_mac19
-rw-r--r-- 1 root       root           0 8月  13 18:24 wlan_acl_mac2
-rw-r--r-- 1 root       root           0 8月  13 18:24 wlan_acl_mac20
-rw-r--r-- 1 root       root           0 8月  13 18:24 wlan_acl_mac21
-rw-r--r-- 1 root       root           0 8月  13 18:24 wlan_acl_mac22
-rw-r--r-- 1 root       root           0 8月  13 18:24 wlan_acl_mac23
-rw-r--r-- 1 root       root           0 8月  13 18:24 wlan_acl_mac24
-rw-r--r-- 1 root       root           0 8月  13 18:24 wlan_acl_mac25
-rw-r--r-- 1 root       root           0 8月  13 18:24 wlan_acl_mac26
-rw-r--r-- 1 root       root           0 8月  13 18:24 wlan_acl_mac27
-rw-r--r-- 1 root       root           0 8月  13 18:24 wlan_acl_mac28
-rw-r--r-- 1 root       root           0 8月  13 18:24 wlan_acl_mac29
-rw-r--r-- 1 root       root           0 8月  13 18:24 wlan_acl_mac3
-rw-r--r-- 1 root       root           0 8月  13 18:24 wlan_acl_mac30
-rw-r--r-- 1 root       root           0 8月  13 18:24 wlan_acl_mac31
-rw-r--r-- 1 root       root           0 8月  13 18:24 wlan_acl_mac32
-rw-r--r-- 1 root       root           0 8月  13 18:24 wlan_acl_mac33
-rw-r--r-- 1 root       root           0 8月  13 18:24 wlan_acl_mac34
-rw-r--r-- 1 root       root           0 8月  13 18:24 wlan_acl_mac35
-rw-r--r-- 1 root       root           0 8月  13 18:24 wlan_acl_mac36
-rw-r--r-- 1 root       root           0 8月  13 18:24 wlan_acl_mac37
-rw-r--r-- 1 root       root           0 8月  13 18:24 wlan_acl_mac38
-rw-r--r-- 1 root       root           0 8月  13 18:24 wlan_acl_mac39
-rw-r--r-- 1 root       root           0 8月  13 18:24 wlan_acl_mac4
-rw-r--r-- 1 root       root           0 8月  13 18:24 wlan_acl_mac40
-rw-r--r-- 1 root       root           0 8月  13 18:24 wlan_acl_mac41
-rw-r--r-- 1 root       root           0 8月  13 18:24 wlan_acl_mac42
-rw-r--r-- 1 root       root           0 8月  13 18:24 wlan_acl_mac43
-rw-r--r-- 1 root       root           0 8月  13 18:24 wlan_acl_mac44
-rw-r--r-- 1 root       root           0 8月  13 18:24 wlan_acl_mac45
-rw-r--r-- 1 root       root           0 8月  13 18:24 wlan_acl_mac46
-rw-r--r-- 1 root       root           0 8月  13 18:24 wlan_acl_mac47
-rw-r--r-- 1 root       root           0 8月  13 18:24 wlan_acl_mac48
-rw-r--r-- 1 root       root           0 8月  13 18:24 wlan_acl_mac49
-rw-r--r-- 1 root       root           0 8月  13 18:24 wlan_acl_mac5
-rw-r--r-- 1 root       root           0 8月  13 18:24 wlan_acl_mac50
-rw-r--r-- 1 root       root           0 8月  13 18:24 wlan_acl_mac51
-rw-r--r-- 1 root       root           0 8月  13 18:24 wlan_acl_mac52
-rw-r--r-- 1 root       root           0 8月  13 18:24 wlan_acl_mac53
-rw-r--r-- 1 root       root           0 8月  13 18:24 wlan_acl_mac54
-rw-r--r-- 1 root       root           0 8月  13 18:24 wlan_acl_mac55
-rw-r--r-- 1 root       root           0 8月  13 18:24 wlan_acl_mac56
-rw-r--r-- 1 root       root           0 8月  13 18:24 wlan_acl_mac57
-rw-r--r-- 1 root       root           0 8月  13 18:24 wlan_acl_mac58
-rw-r--r-- 1 root       root           0 8月  13 18:24 wlan_acl_mac59
-rw-r--r-- 1 root       root           0 8月  13 18:24 wlan_acl_mac6
-rw-r--r-- 1 root       root           0 8月  13 18:24 wlan_acl_mac60
-rw-r--r-- 1 root       root           0 8月  13 18:24 wlan_acl_mac61
-rw-r--r-- 1 root       root           0 8月  13 18:24 wlan_acl_mac62
-rw-r--r-- 1 root       root           0 8月  13 18:24 wlan_acl_mac63
-rw-r--r-- 1 root       root           0 8月  13 18:24 wlan_acl_mac7
-rw-r--r-- 1 root       root           0 8月  13 18:24 wlan_acl_mac8
-rw-r--r-- 1 root       root           0 8月  13 18:24 wlan_acl_mac9
-rw-r--r-- 1 root       root           2 8月  13 18:24 wlan_acl_num
-rw-r--r-- 1 root       root           2 8月  13 18:24 wl_antdiv
-rw-r--r-- 1 root       root           7 8月  13 18:24 wla_onoff
-rw-r--r-- 1 root       root           0 8月  13 18:24 wla_passphrase
-rw-r--r-- 1 root       root           0 8月  13 18:24 wla_passphrase_2
-rw-r--r-- 1 root       root           0 8月  13 18:24 wla_passphrase_3
-rw-r--r-- 1 root       root           0 8月  13 18:24 wla_passphrase_4
-rw-r--r-- 1 root       root           0 8月  13 18:24 wla_passphrase_backup
-rw-r--r-- 1 root       root           1 8月  13 18:24 wl_ap_isolate
-rw-r--r-- 1 root       root           4 8月  13 18:24 wla_preamble
-rw-r--r-- 1 root       root           7 8月  13 18:24 wla_radius_ip
-rw-r--r-- 1 root       root           4 8月  13 18:24 wla_radius_port
-rw-r--r-- 1 root       root           0 8月  13 18:24 wla_radius_secret
-rw-r--r-- 1 root       root           1 8月  13 18:24 wla_region
-rw-r--r-- 1 root       root           1 8月  13 18:24 wla_repeater
-rw-r--r-- 1 root       root           4 8月  13 18:24 wla_rts
-rw-r--r-- 1 root       root           1 8月  13 18:24 wla_sec_profile_enable_2
-rw-r--r-- 1 root       root           1 8月  13 18:24 wla_sec_profile_enable_3
-rw-r--r-- 1 root       root           1 8月  13 18:24 wla_sec_profile_enable_4
-rw-r--r-- 1 root       root           4 8月  13 18:24 wla_secu_type
-rw-r--r-- 1 root       root           4 8月  13 18:24 wla_secu_type_2
-rw-r--r-- 1 root       root           4 8月  13 18:24 wla_secu_type_3
-rw-r--r-- 1 root       root           4 8月  13 18:24 wla_secu_type_4
-rw-r--r-- 1 root       root           0 8月  13 18:24 wla_secu_type_backup
-rw-r--r-- 1 root       root           7 8月  13 18:24 wla_ssid
-rw-r--r-- 1 root       root          13 8月  13 18:24 wla_ssid_2
-rw-r--r-- 1 root       root           0 8月  13 18:24 wla_ssid_3
-rw-r--r-- 1 root       root           0 8月  13 18:24 wla_ssid_4
-rw-r--r-- 1 root       root           0 8月  13 18:24 wla_ssid_backup
-rw-r--r-- 1 root       root           1 8月  13 18:24 wla_ssid_bc_2
-rw-r--r-- 1 root       root           1 8月  13 18:24 wla_ssid_bc_3
-rw-r--r-- 1 root       root           1 8月  13 18:24 wla_ssid_bc_4
-rw-r--r-- 1 root       root           0 8月  13 18:24 wla_temp_allow_access_2
-rw-r--r-- 1 root       root           0 8月  13 18:24 wla_temp_allow_access_3
-rw-r--r-- 1 root       root           0 8月  13 18:24 wla_temp_allow_access_4
-rw-r--r-- 1 root       root           0 8月  13 18:24 wla_temp_allow_see_access_2
-rw-r--r-- 1 root       root          11 8月  13 18:24 wla_temp_broadcast
-rw-r--r-- 1 root       root           1 8月  13 18:24 wla_temp_channel
-rw-r--r-- 1 root       root           1 8月  13 18:24 wla_temp_defaKey
-rw-r--r-- 1 root       root           9 8月  13 18:24 wla_temp_enable
-rw-r--r-- 1 root       root           0 8月  13 18:24 wla_temp_key1
-rw-r--r-- 1 root       root           0 8月  13 18:24 wla_temp_key2
-rw-r--r-- 1 root       root           0 8月  13 18:24 wla_temp_key3
-rw-r--r-- 1 root       root           0 8月  13 18:24 wla_temp_key4
-rw-r--r-- 1 root       root           7 8月  13 18:24 wla_temp_mode
-rw-r--r-- 1 root       root           0 8月  13 18:24 wla_temp_passphrase
-rw-r--r-- 1 root       root           1 8月  13 18:24 wla_temp_region
-rw-r--r-- 1 root       root           0 8月  13 18:24 wla_temp_sec_profile_enable_2
-rw-r--r-- 1 root       root           0 8月  13 18:24 wla_temp_sec_profile_enable_3
-rw-r--r-- 1 root       root           0 8月  13 18:24 wla_temp_sec_profile_enable_4
-rw-r--r-- 1 root       root           4 8月  13 18:24 wla_temp_secu_type
-rw-r--r-- 1 root       root           0 8月  13 18:24 wla_temp_secu_type_2
-rw-r--r-- 1 root       root           0 8月  13 18:24 wla_temp_secu_type_3
-rw-r--r-- 1 root       root           0 8月  13 18:24 wla_temp_secu_type_4
-rw-r--r-- 1 root       root           1 8月  13 18:24 wla_temp_setting
-rw-r--r-- 1 root       root           7 8月  13 18:24 wla_temp_ssid
-rw-r--r-- 1 root       root           0 8月  13 18:24 wla_temp_ssid_2
-rw-r--r-- 1 root       root           0 8月  13 18:24 wla_temp_ssid_3
-rw-r--r-- 1 root       root           0 8月  13 18:24 wla_temp_ssid_4
-rw-r--r-- 1 root       root           0 8月  13 18:24 wla_temp_ssid_bc_2
-rw-r--r-- 1 root       root           0 8月  13 18:24 wla_temp_ssid_bc_3
-rw-r--r-- 1 root       root           0 8月  13 18:24 wla_temp_ssid_bc_4
-rw-r--r-- 1 root       root           1 8月  13 18:24 wl_auth
-rw-r--r-- 1 root       root           4 8月  13 18:24 wl_auth_mode
-rw-r--r-- 1 root       root           1 8月  13 18:24 wla_wds_enable
-rw-r--r-- 1 root       root           1 8月  13 18:24 wla_wds_mode
-rw-r--r-- 1 root       root           0 8月  13 18:24 wla_wds_pmp_mac
-rw-r--r-- 1 root       root           1 8月  13 18:24 wla_wds_pmp_sta
-rw-r--r-- 1 root       root           0 8月  13 18:24 wla_wds_ptp_mac
-rw-r--r-- 1 root       root           1 8月  13 18:24 wla_wds_ptp_sta
-rw-r--r-- 1 root       root           1 8月  13 18:24 wla_wep_length
-rw-r--r-- 1 root       root           1 8月  13 18:24 wla_wep_length_2
-rw-r--r-- 1 root       root           1 8月  13 18:24 wla_wep_length_3
-rw-r--r-- 1 root       root           1 8月  13 18:24 wla_wep_length_4
-rw-r--r-- 1 root       root           0 8月  13 18:24 wla_wep_length_backup
-rw-r--r-- 1 root       root           6 8月  13 18:24 wla_wlanstate
-rw-r--r-- 1 root       root           1 8月  13 18:24 wla_wmm_advert_2
-rw-r--r-- 1 root       root           1 8月  13 18:24 wla_wmm_advert_3
-rw-r--r-- 1 root       root           1 8月  13 18:24 wla_wmm_advert_4
-rw-r--r-- 1 root       root           4 8月  13 18:24 wla_wpa_gtk_rekey
-rw-r--r-- 1 root       root           3 8月  13 18:24 wl_bcn
-rw-r--r-- 1 root       root           1 8月  13 18:24 wl_bcn_rotate
-rw-r--r-- 1 root       root           1 8月  13 18:24 wl_bss_enabled
-rw-r--r-- 1 root       root           3 8月  13 18:24 wl_bss_maxassoc
-rw-r--r-- 1 root       root           1 8月  13 18:24 wl_bw_cap
-rw-r--r-- 1 root       root           1 8月  13 18:24 wl_chanspec
-rw-r--r-- 1 root       root           1 8月  13 18:24 wl_closed
-rw-r--r-- 1 root       root           0 8月  13 18:24 wl_corerev
-rw-r--r-- 1 root       root           2 8月  13 18:24 wl_country
-rw-r--r-- 1 root       root           2 8月  13 18:24 wl_country_code
-rw-r--r-- 1 root       root           0 8月  13 18:24 wl_country_rev
-rw-r--r-- 1 root       root           4 8月  13 18:24 wl_crypto
-rw-r--r-- 1 root       root           2 8月  13 18:24 wl_dfs_postism
-rw-r--r-- 1 root       root           2 8月  13 18:24 wl_dfs_preism
-rw-r--r-- 1 root       root           8 8月  13 18:24 wl_dmarxctl
-rw-r--r-- 1 root       root           9 8月  13 18:24 wl_dmatxctl
-rw-r--r-- 1 root       root           1 8月  13 18:24 wl_dtim
-rw-r--r-- 1 root       root           4 8月  13 18:24 wl_frag
-rw-r--r-- 1 root       root           2 8月  13 18:24 wl_frameburst
-rw-r--r-- 1 root       root           1 8月  13 18:24 wlg_allow_access_2
-rw-r--r-- 1 root       root           1 8月  13 18:24 wlg_allow_see_access_2
-rw-r--r-- 1 root       root           1 8月  13 18:24 wlg_ap_isolate
-rw-r--r-- 1 root       root           9 8月  13 18:24 wlg_auth_type
-rw-r--r-- 1 root       root           9 8月  13 18:24 wlg_auth_type_2
-rw-r--r-- 1 root       root           0 8月  13 18:24 wlg_auth_type_backup
-rw-r--r-- 1 root       root           4 8月  13 18:24 wlg_band
-rw-r--r-- 1 root       root          10 8月  13 18:24 wlg_broadcast
-rw-r--r-- 1 root       root           2 8月  13 18:24 wlg_channel
-rw-r--r-- 1 root       root           0 8月  13 18:24 wlg_channel_backup
-rw-r--r-- 1 root       root           1 8月  13 18:24 wlg_defaKey
-rw-r--r-- 1 root       root           1 8月  13 18:24 wlg_defaKey_2
-rw-r--r-- 1 root       root           0 8月  13 18:24 wlg_defaKey_backup
-rw-r--r-- 1 root       root           8 8月  13 18:24 wlg_en_secu_type
-rw-r--r-- 1 root       root           4 8月  13 18:24 wlg_frag
-rw-r--r-- 1 root       root           0 8月  13 18:24 wlg_key1
-rw-r--r-- 1 root       root           0 8月  13 18:24 wlg_key1_2
-rw-r--r-- 1 root       root           0 8月  13 18:24 wlg_key1_backup
-rw-r--r-- 1 root       root           0 8月  13 18:24 wlg_key2
-rw-r--r-- 1 root       root           0 8月  13 18:24 wlg_key2_2
-rw-r--r-- 1 root       root           0 8月  13 18:24 wlg_key2_backup
-rw-r--r-- 1 root       root           0 8月  13 18:24 wlg_key3
-rw-r--r-- 1 root       root           0 8月  13 18:24 wlg_key3_2
-rw-r--r-- 1 root       root           0 8月  13 18:24 wlg_key3_backup
-rw-r--r-- 1 root       root           0 8月  13 18:24 wlg_key4
-rw-r--r-- 1 root       root           0 8月  13 18:24 wlg_key4_2
-rw-r--r-- 1 root       root           0 8月  13 18:24 wlg_key4_backup
-rw-r--r-- 1 root       root           1 8月  13 18:24 wl_gmode
-rw-r--r-- 1 root       root           4 8月  13 18:24 wlg_mode
-rw-r--r-- 1 root       root           0 8月  13 18:24 wlg_mode_backup
-rw-r--r-- 1 root       root           4 8月  13 18:24 wl_gmode_protection
-rw-r--r-- 1 root       root           7 8月  13 18:24 wlg_onoff
-rw-r--r-- 1 root       root           0 8月  13 18:24 wlg_passphrase
-rw-r--r-- 1 root       root           0 8月  13 18:24 wlg_passphrase_2
-rw-r--r-- 1 root       root           0 8月  13 18:24 wlg_passphrase_backup
-rw-r--r-- 1 root       root           4 8月  13 18:24 wlg_preamble
-rw-r--r-- 1 root       root           7 8月  13 18:24 wlg_radius_ip
-rw-r--r-- 1 root       root           4 8月  13 18:24 wlg_radius_port
-rw-r--r-- 1 root       root           0 8月  13 18:24 wlg_radius_secret
-rw-r--r-- 1 root       root           1 8月  13 18:24 wlg_repeater
-rw-r--r-- 1 root       root           4 8月  13 18:24 wlg_rts
-rw-r--r-- 1 root       root           1 8月  13 18:24 wlg_sec_profile_enable_2
-rw-r--r-- 1 root       root           4 8月  13 18:24 wlg_secu_type
-rw-r--r-- 1 root       root           4 8月  13 18:24 wlg_secu_type_2
-rw-r--r-- 1 root       root           0 8月  13 18:24 wlg_secu_type_backup
-rw-r--r-- 1 root       root          12 8月  13 18:24 wlg_ssid
-rw-r--r-- 1 root       root          16 8月  13 18:24 wlg_ssid_2
-rw-r--r-- 1 root       root           0 8月  13 18:24 wlg_ssid_backup
-rw-r--r-- 1 root       root           1 8月  13 18:24 wlg_ssid_bc_2
-rw-r--r-- 1 root       root           0 8月  13 18:24 wlg_temp_allow_access_2
-rw-r--r-- 1 root       root           0 8月  13 18:24 wlg_temp_allow_see_access_2
-rw-r--r-- 1 root       root           2 8月  13 18:24 wlg_temp_band
-rw-r--r-- 1 root       root          10 8月  13 18:24 wlg_temp_broadcast
-rw-r--r-- 1 root       root           2 8月  13 18:24 wlg_temp_channel
-rw-r--r-- 1 root       root           1 8月  13 18:24 wlg_temp_defaKey
-rw-r--r-- 1 root       root           0 8月  13 18:24 wlg_temp_key1
-rw-r--r-- 1 root       root           0 8月  13 18:24 wlg_temp_key2
-rw-r--r-- 1 root       root           0 8月  13 18:24 wlg_temp_key3
-rw-r--r-- 1 root       root           0 8月  13 18:24 wlg_temp_key4
-rw-r--r-- 1 root       root           7 8月  13 18:24 wlg_temp_mode
-rw-r--r-- 1 root       root           0 8月  13 18:24 wlg_temp_passphrase
-rw-r--r-- 1 root       root           0 8月  13 18:24 wlg_temp_sec_profile_enable_2
-rw-r--r-- 1 root       root           4 8月  13 18:24 wlg_temp_secu_type
-rw-r--r-- 1 root       root           0 8月  13 18:24 wlg_temp_secu_type_2
-rw-r--r-- 1 root       root          12 8月  13 18:24 wlg_temp_ssid
-rw-r--r-- 1 root       root           0 8月  13 18:24 wlg_temp_ssid_2
-rw-r--r-- 1 root       root           0 8月  13 18:24 wlg_temp_ssid_bc_2
-rw-r--r-- 1 root       root           1 8月  13 18:24 wlg_txbf
-rw-r--r-- 1 root       root           1 8月  13 18:24 wlg_wds_enable
-rw-r--r-- 1 root       root           1 8月  13 18:24 wlg_wds_mode
-rw-r--r-- 1 root       root           0 8月  13 18:24 wlg_wds_pmp_mac
-rw-r--r-- 1 root       root           1 8月  13 18:24 wlg_wds_pmp_sta
-rw-r--r-- 1 root       root           0 8月  13 18:24 wlg_wds_ptp_mac
-rw-r--r-- 1 root       root           1 8月  13 18:24 wlg_wds_ptp_sta
-rw-r--r-- 1 root       root           1 8月  13 18:24 wlg_wep_length
-rw-r--r-- 1 root       root           1 8月  13 18:24 wlg_wep_length_2
-rw-r--r-- 1 root       root           0 8月  13 18:24 wlg_wep_length_backup
-rw-r--r-- 1 root       root           6 8月  13 18:24 wlg_wlanstate
-rw-r--r-- 1 root       root           1 8月  13 18:24 wlg_wmm_advert_2
-rw-r--r-- 1 root       root           4 8月  13 18:24 wlg_wpa_gtk_rekey
-rw-r--r-- 1 root       root           1 8月  13 18:24 wlh_allow_access_2
-rw-r--r-- 1 root       root           1 8月  13 18:24 wlh_allow_see_access_2
-rw-r--r-- 1 root       root           1 8月  13 18:24 wlh_ap_isolate
-rw-r--r-- 1 root       root           9 8月  13 18:24 wlh_auth_type
-rw-r--r-- 1 root       root           9 8月  13 18:24 wlh_auth_type_2
-rw-r--r-- 1 root       root           0 8月  13 18:24 wlh_auth_type_backup
-rw-r--r-- 1 root       root           4 8月  13 18:24 wlh_band
-rw-r--r-- 1 root       root          10 8月  13 18:24 wlh_broadcast
-rw-r--r-- 1 root       root           3 8月  13 18:24 wlh_channel
-rw-r--r-- 1 root       root           0 8月  13 18:24 wlh_channel_backup
-rw-r--r-- 1 root       root           1 8月  13 18:24 wlh_defaKey
-rw-r--r-- 1 root       root           1 8月  13 18:24 wlh_defaKey_2
-rw-r--r-- 1 root       root           0 8月  13 18:24 wlh_defaKey_backup
-rw-r--r-- 1 root       root           8 8月  13 18:24 wlh_en_secu_type
-rw-r--r-- 1 root       root           4 8月  13 18:24 wlh_frag
-rw-r--r-- 1 root       root           0 8月  13 18:24 wlh_key1
-rw-r--r-- 1 root       root           0 8月  13 18:24 wlh_key1_2
-rw-r--r-- 1 root       root           0 8月  13 18:24 wlh_key1_backup
-rw-r--r-- 1 root       root           0 8月  13 18:24 wlh_key2
-rw-r--r-- 1 root       root           0 8月  13 18:24 wlh_key2_2
-rw-r--r-- 1 root       root           0 8月  13 18:24 wlh_key2_backup
-rw-r--r-- 1 root       root           0 8月  13 18:24 wlh_key3
-rw-r--r-- 1 root       root           0 8月  13 18:24 wlh_key3_2
-rw-r--r-- 1 root       root           0 8月  13 18:24 wlh_key3_backup
-rw-r--r-- 1 root       root           0 8月  13 18:24 wlh_key4
-rw-r--r-- 1 root       root           0 8月  13 18:24 wlh_key4_2
-rw-r--r-- 1 root       root           0 8月  13 18:24 wlh_key4_backup
-rw-r--r-- 1 root       root           4 8月  13 18:24 wlh_mode
-rw-r--r-- 1 root       root           0 8月  13 18:24 wlh_mode_backup
-rw-r--r-- 1 root       root           7 8月  13 18:24 wlh_onoff
-rw-r--r-- 1 root       root           0 8月  13 18:24 wlh_passphrase
-rw-r--r-- 1 root       root           0 8月  13 18:24 wlh_passphrase_2
-rw-r--r-- 1 root       root           0 8月  13 18:24 wlh_passphrase_backup
-rw-r--r-- 1 root       root           4 8月  13 18:24 wlh_preamble
-rw-r--r-- 1 root       root           7 8月  13 18:24 wlh_radius_ip
-rw-r--r-- 1 root       root           4 8月  13 18:24 wlh_radius_port
-rw-r--r-- 1 root       root           0 8月  13 18:24 wlh_radius_secret
-rw-r--r-- 1 root       root           1 8月  13 18:24 wlh_repeater
-rw-r--r-- 1 root       root           4 8月  13 18:24 wlh_rts
-rw-r--r-- 1 root       root           1 8月  13 18:24 wlh_sec_profile_enable_2
-rw-r--r-- 1 root       root           4 8月  13 18:24 wlh_secu_type
-rw-r--r-- 1 root       root           4 8月  13 18:24 wlh_secu_type_2
-rw-r--r-- 1 root       root           0 8月  13 18:24 wlh_secu_type_backup
-rw-r--r-- 1 root       root          12 8月  13 18:24 wlh_ssid
-rw-r--r-- 1 root       root          18 8月  13 18:24 wlh_ssid_2
-rw-r--r-- 1 root       root           0 8月  13 18:24 wlh_ssid_backup
-rw-r--r-- 1 root       root           1 8月  13 18:24 wlh_ssid_bc_2
-rw-r--r-- 1 root       root           0 8月  13 18:24 wlh_temp_allow_access_2
-rw-r--r-- 1 root       root           0 8月  13 18:24 wlh_temp_allow_see_access_2
-rw-r--r-- 1 root       root           2 8月  13 18:24 wlh_temp_band
-rw-r--r-- 1 root       root          10 8月  13 18:24 wlh_temp_broadcast
-rw-r--r-- 1 root       root           2 8月  13 18:24 wlh_temp_channel
-rw-r--r-- 1 root       root           1 8月  13 18:24 wlh_temp_defaKey
-rw-r--r-- 1 root       root           0 8月  13 18:24 wlh_temp_key1
-rw-r--r-- 1 root       root           0 8月  13 18:24 wlh_temp_key2
-rw-r--r-- 1 root       root           0 8月  13 18:24 wlh_temp_key3
-rw-r--r-- 1 root       root           0 8月  13 18:24 wlh_temp_key4
-rw-r--r-- 1 root       root           7 8月  13 18:24 wlh_temp_mode
-rw-r--r-- 1 root       root           0 8月  13 18:24 wlh_temp_passphrase
-rw-r--r-- 1 root       root           0 8月  13 18:24 wlh_temp_sec_profile_enable_2
-rw-r--r-- 1 root       root           4 8月  13 18:24 wlh_temp_secu_type
-rw-r--r-- 1 root       root           0 8月  13 18:24 wlh_temp_secu_type_2
-rw-r--r-- 1 root       root          12 8月  13 18:24 wlh_temp_ssid
-rw-r--r-- 1 root       root           0 8月  13 18:24 wlh_temp_ssid_2
-rw-r--r-- 1 root       root           0 8月  13 18:24 wlh_temp_ssid_bc_2
-rw-r--r-- 1 root       root           1 8月  13 18:24 wlh_txbf
-rw-r--r-- 1 root       root           0 8月  13 18:24 wl_hwaddr
-rw-r--r-- 1 root       root           1 8月  13 18:24 wlh_wds_enable
-rw-r--r-- 1 root       root           1 8月  13 18:24 wlh_wds_mode
-rw-r--r-- 1 root       root           0 8月  13 18:24 wlh_wds_pmp_mac
-rw-r--r-- 1 root       root           1 8月  13 18:24 wlh_wds_pmp_sta
-rw-r--r-- 1 root       root           0 8月  13 18:24 wlh_wds_ptp_mac
-rw-r--r-- 1 root       root           1 8月  13 18:24 wlh_wds_ptp_sta
-rw-r--r-- 1 root       root           1 8月  13 18:24 wlh_wep_length
-rw-r--r-- 1 root       root           1 8月  13 18:24 wlh_wep_length_2
-rw-r--r-- 1 root       root           0 8月  13 18:24 wlh_wep_length_backup
-rw-r--r-- 1 root       root           6 8月  13 18:24 wlh_wlanstate
-rw-r--r-- 1 root       root           1 8月  13 18:24 wlh_wmm_advert_2
-rw-r--r-- 1 root       root           4 8月  13 18:24 wlh_wpa_gtk_rekey
-rw-r--r-- 1 root       root           0 8月  13 18:24 wl_ifname
-rw-r--r-- 1 root       root           1 8月  13 18:24 wl_infra
-rw-r--r-- 1 root       root           1 8月  13 18:24 wl_key
-rw-r--r-- 1 root       root           0 8月  13 18:24 wl_key1
-rw-r--r-- 1 root       root           0 8月  13 18:24 wl_key2
-rw-r--r-- 1 root       root           0 8月  13 18:24 wl_key3
-rw-r--r-- 1 root       root           0 8月  13 18:24 wl_key4
-rw-r--r-- 1 root       root           1 8月  13 18:24 wl_lazywds
-rw-r--r-- 1 root       root           8 8月  13 18:24 wl_leddc
-rw-r--r-- 1 root       root           0 8月  13 18:24 wl_maclist
-rw-r--r-- 1 root       root           8 8月  13 18:24 wl_macmode
-rw-r--r-- 1 root       root           3 8月  13 18:24 wl_maxassoc
-rw-r--r-- 1 root       root           1 8月  13 18:24 wl_mbss_skipctf
-rw-r--r-- 1 root       root           1 8月  13 18:24 wl_mcast_regen_bss_enable
-rw-r--r-- 1 root       root           2 8月  13 18:24 wl_mimo_preamble
-rw-r--r-- 1 root       root           2 8月  13 18:24 wl_mode
-rw-r--r-- 1 root       root           1 8月  13 18:24 wl_mrate
-rw-r--r-- 1 root       root           1 8月  13 18:24 wl_nband
-rw-r--r-- 1 root       root           5 8月  13 18:24 wl_net_reauth
-rw-r--r-- 1 root       root           2 8月  13 18:24 wl_nmcsidx
-rw-r--r-- 1 root       root           2 8月  13 18:24 wl_nmode
-rw-r--r-- 1 root       root           4 8月  13 18:24 wl_nmode_protection
-rw-r--r-- 1 root       root           1 8月  13 18:24 wl_nreqd
-rw-r--r-- 1 root       root           3 8月  13 18:24 wl_pcie_mrrs
-rw-r--r-- 1 root       root           1 8月  13 18:24 wl_phytype
-rw-r--r-- 1 root       root           0 8月  13 18:24 wl_phytypes
-rw-r--r-- 1 root       root           4 8月  13 18:24 wl_plcphdr
-rw-r--r-- 1 root       root          25 8月  13 18:24 wl_radarthrs
-rw-r--r-- 1 root       root           1 8月  13 18:24 wl_radio
-rw-r--r-- 1 root       root           0 8月  13 18:24 wl_radioids
-rw-r--r-- 1 root       root           1 8月  13 18:24 wl_radio_pwrsave_enable
-rw-r--r-- 1 root       root           1 8月  13 18:24 wl_radio_pwrsave_level
-rw-r--r-- 1 root       root           2 8月  13 18:24 wl_radio_pwrsave_pps
-rw-r--r-- 1 root       root           0 8月  13 18:24 wl_radius_ipaddr
-rw-r--r-- 1 root       root           0 8月  13 18:24 wl_radius_key
-rw-r--r-- 1 root       root           4 8月  13 18:24 wl_radius_port
-rw-r--r-- 1 root       root           1 8月  13 18:24 wl_rate
-rw-r--r-- 1 root       root           2 8月  13 18:24 wl_rateset
-rw-r--r-- 1 root       root           3 8月  13 18:24 wl_reg_mode
-rw-r--r-- 1 root       root           0 8月  13 18:24 wl_rifs
-rw-r--r-- 1 root       root           4 8月  13 18:24 wl_rifs_advert
-rw-r--r-- 1 root       root           4 8月  13 18:24 wl_rts
-rw-r--r-- 1 root       root           2 8月  13 18:24 wl_rxchain
-rw-r--r-- 1 root       root           1 8月  13 18:24 wl_rxchain_pwrsave_enable
-rw-r--r-- 1 root       root           2 8月  13 18:24 wl_rxchain_pwrsave_pps
-rw-r--r-- 1 root       root           4 8月  13 18:24 wl_rxchain_pwrsave_quiet_time
-rw-r--r-- 1 root       root           1 8月  13 18:24 wl_rxstreams
-rw-r--r-- 1 root       root           7 8月  13 18:24 wl_ssid
-rw-r--r-- 1 root       root           1 8月  13 18:24 wl_sta_retry_time
-rw-r--r-- 1 root       root           4 8月  13 18:24 wl_stbc_tx
-rw-r--r-- 1 root       root           1 8月  13 18:24 wl_tpc_db
-rw-r--r-- 1 root       root           2 8月  13 18:24 wl_txbf_timer
-rw-r--r-- 1 root       root           2 8月  13 18:24 wl_txchain
-rw-r--r-- 1 root       root           4 8月  13 18:24 wl_txq_thresh
-rw-r--r-- 1 root       root           1 8月  13 18:24 wl_txstreams
-rw-r--r-- 1 root       root           1 8月  13 18:24 wl_unit
-rw-r--r-- 1 root       root           9 8月  13 18:24 wl_version
-rw-r--r-- 1 root       root           3 8月  13 18:24 wl_vlan_prio_mode
-rw-r--r-- 1 root       root           0 8月  13 18:24 wl_wds
-rw-r--r-- 1 root       root           1 8月  13 18:24 wl_wds_timeout
-rw-r--r-- 1 root       root           8 8月  13 18:24 wl_wep
-rw-r--r-- 1 root       root           2 8月  13 18:24 wl_wme
-rw-r--r-- 1 root       root           1 8月  13 18:24 wl_wme_2g
-rw-r--r-- 1 root       root           1 8月  13 18:24 wl_wme_5g
-rw-r--r-- 1 root       root           1 8月  13 18:24 wl_wme_5g_2
-rw-r--r-- 1 root       root          19 8月  13 18:24 wl_wme_ap_be
-rw-r--r-- 1 root       root          21 8月  13 18:24 wl_wme_ap_bk
-rw-r--r-- 1 root       root           2 8月  13 18:24 wl_wme_apsd
-rw-r--r-- 1 root       root          24 8月  13 18:24 wl_wme_ap_vi
-rw-r--r-- 1 root       root          23 8月  13 18:24 wl_wme_ap_vo
-rw-r--r-- 1 root       root           1 8月  13 18:24 wl_wme_bss_disable
-rw-r--r-- 1 root       root           3 8月  13 18:24 wl_wme_no_ack
-rw-r--r-- 1 root       root          21 8月  13 18:24 wl_wme_sta_be
-rw-r--r-- 1 root       root          21 8月  13 18:24 wl_wme_sta_bk
-rw-r--r-- 1 root       root          24 8月  13 18:24 wl_wme_sta_vi
-rw-r--r-- 1 root       root          23 8月  13 18:24 wl_wme_sta_vo
-rw-r--r-- 1 root       root           9 8月  13 18:24 wl_wme_txp_be
-rw-r--r-- 1 root       root           9 8月  13 18:24 wl_wme_txp_bk
-rw-r--r-- 1 root       root           9 8月  13 18:24 wl_wme_txp_vi
-rw-r--r-- 1 root       root           9 8月  13 18:24 wl_wme_txp_vo
-rw-r--r-- 1 root       root           1 8月  13 18:24 wl_wmf_bss_enable
-rw-r--r-- 1 root       root           1 8月  13 18:24 wl_wpa_gtk_rekey
-rw-r--r-- 1 root       root           0 8月  13 18:24 wl_wpa_psk
-rw-r--r-- 1 root       root           1 8月  13 18:24 wl_wps_5g_config_state
-rw-r--r-- 1 root       root           1 8月  13 18:24 wl_wps_config_state
-rw-r--r-- 1 root       root           7 8月  13 18:24 wl_wps_mode
-rw-r--r-- 1 root       root           7 8月  13 18:24 wl_wps_reg
-rw-r--r-- 1 root       root           1 8月  13 18:24 wps_addER
-rw-r--r-- 1 root       root           1 8月  13 18:24 wps_aplockdown
-rw-r--r-- 1 root       root           1 8月  13 18:24 wps_aplockdown_disable
-rw-r--r-- 1 root       root           1 8月  13 18:24 wps_aplockdown_forceon
-rw-r--r-- 1 root       root           6 8月  13 18:24 wps_config_method
-rw-r--r-- 1 root       root           5 8月  13 18:24 wps_device_name
-rw-r--r-- 1 root       root           8 8月  13 18:24 wps_device_pin
-rw-r--r-- 1 root       root           3 8月  13 18:24 wps_ifname
-rw-r--r-- 1 root       root           1 8月  13 18:24 wps_is_upnp
-rw-r--r-- 1 root       root           1 8月  13 18:24 wps_lan_led
-rw-r--r-- 1 root       root           1 8月  13 18:24 wps_lock_forever_cnt
-rw-r--r-- 1 root       root           1 8月  13 18:24 wps_lock_start_cnt
-rw-r--r-- 1 root       root          13 8月  13 18:24 wps_mfstring
-rw-r--r-- 1 root       root           0 8月  13 18:24 wps_mixedmode_backup
-rw-r--r-- 1 root       root           7 8月  13 18:24 wps_mode
-rw-r--r-- 1 root       root           5 8月  13 18:24 wps_modelname
-rw-r--r-- 1 root       root           5 8月  13 18:24 wps_modelnum
-rw-r--r-- 1 root       root           8 8月  13 18:24 wps_sta_pin
-rw-r--r-- 1 root       root           1 8月  13 18:24 wps_timeout_enable
-rw-r--r-- 1 root       root          34 8月  13 18:24 wps_uuid
-rw-r--r-- 1 root       root           7 8月  13 18:24 wps_version2
-rw-r--r-- 1 root       root           1 8月  13 18:24 wsc_pin_disable
-rw-r--r-- 1 root       root          41 8月  13 18:24 x_advisor_url
-rw-r--r-- 1 root       root           0 8月  13 18:24 x_agent_claim_code
-rw-r--r-- 1 root       root           0 8月  13 18:24 x_agent_id
-rw-r--r-- 1 root       root          51 8月  13 18:24 x_claimed_url
-rw-r--r-- 1 root       root          45 8月  13 18:24 x_discovery_url
-rw-r--r-- 1 root       root          25 8月  13 18:24 x_handler_1003
-rw-r--r-- 1 root       root          15 8月  13 18:24 x_handler_1004
-rw-r--r-- 1 root       root          53 8月  13 18:24 x_register_url
cyberangel@cyberangel:~/Desktop/模拟固件下的patch与hook/Netgear_R8300/_R8300-V1.0.2.130_1.0.99.chk.extracted/squashfs-root/firmadyne/libnvram$ 
